<html>
<body>
<pre>
<h1>µVision Build Log</h1>
<h2>Tool Versions:</h2>
IDE-Version: µVision V5.29.0.0
Copyright (C) 2019 ARM Ltd and ARM Germany GmbH. All rights reserved.
License Information: Mahmoud El-Deeb, Nodogoro, LIC=----
 
Tool Versions:
Toolchain:       MDK-Lite  Version: 5.29.0.0
Toolchain Path:  D:\Keil_v5\ARM\ARMCC\Bin
C Compiler:      Armcc.exe V5.06 update 6 (build 750)
Assembler:       Armasm.exe V5.06 update 6 (build 750)
Linker/Locator:  ArmLink.exe V5.06 update 6 (build 750)
Library Manager: ArmAr.exe V5.06 update 6 (build 750)
Hex Converter:   FromElf.exe V5.06 update 6 (build 750)
CPU DLL:         SARM.DLL V5.29.0.0
Dialog DLL:      DARMP.DLL V1.53.0.0
Target DLL:      UL2ARM.DLL V1.74.10.0
Dialog DLL:      TARMP.DLL V1.53.0.0
 
<h2>Project:</h2>
D:\LEARNING\udacity-advanced-embedded\project-2\RTOSDemo.uvproj
Project File Date:  08/27/2022

<h2>Output:</h2>
*** Using Compiler 'V5.06 update 6 (build 750)', folder: 'D:\Keil_v5\ARM\ARMCC\Bin'
Build target 'RTOSDemo_THUMB'
compiling ParTest.c...
compiling list.c...
compiling heap_2.c...
compiling port.c...
compiling serial.c...
source\serial.c(185): warning:  #550-D: variable "cChar"  was set but never used
  signed char cChar;
source\serial.c: 1 warning, 0 errors
compiling main.c...
source\main.c(227): warning:  #167-D: argument of type "void *" is incompatible with parameter of type "TaskHookFunction_t"
  	vTaskSetApplicationTaskTag( NULL, ( void * ) 3 );
source\main.c(262): warning:  #167-D: argument of type "void *" is incompatible with parameter of type "TaskHookFunction_t"
  	vTaskSetApplicationTaskTag( NULL, ( void * ) 4 );
source\main.c(293): warning:  #167-D: argument of type "void *" is incompatible with parameter of type "TaskHookFunction_t"
  	vTaskSetApplicationTaskTag( NULL, ( void * ) 5 );
source\main.c(316): warning:  #167-D: argument of type "void *" is incompatible with parameter of type "TaskHookFunction_t"
  	vTaskSetApplicationTaskTag( NULL, ( void * ) 6 );
source\main.c(326): warning:  #167-D: argument of type "char *" is incompatible with parameter of type "const signed char *const"
  			vSerialPutString(msg_buffer.msg,msg_buffer.size);
source\main.c(344): warning:  #167-D: argument of type "void *" is incompatible with parameter of type "TaskHookFunction_t"
      vTaskSetApplicationTaskTag( NULL, ( void * ) 1 );
source\main.c(370): warning:  #167-D: argument of type "void *" is incompatible with parameter of type "TaskHookFunction_t"
      vTaskSetApplicationTaskTag( NULL, ( void * ) 2 );
source\main.c: 7 warnings, 0 errors
compiling queue.c...
compiling tasks.c...
linking...
Program Size: Code=10452 RO-data=152 RW-data=248 ZI-data=15440  
FromELF: creating hex file...
".\bin\RTOSDemo.axf" - 0 Error(s), 8 Warning(s).
Build Time Elapsed:  00:00:01
</pre>
</body>
</html>
