Component: ARM Compiler 5.06 update 6 (build 750) Tool: armlink [4d35ed]

==============================================================================

Section Cross References

    startup.o(STACK) refers (Special) to heapauxi.o(.text) for __use_two_region_memory
    startup.o(HEAP) refers (Special) to heapauxi.o(.text) for __use_two_region_memory
    startup.o(RESET) refers (Special) to heapauxi.o(.text) for __use_two_region_memory
    startup.o(RESET) refers to portasm.o(PORT_ASM) for vPortYieldProcessor
    startup.o(RESET) refers to startup.o(STACK) for Stack_Top
    startup.o(RESET) refers to __main.o(!!!main) for __main
    startup.o(.text) refers (Special) to heapauxi.o(.text) for __use_two_region_memory
    startup.o(.text) refers to startup.o(HEAP) for Heap_Mem
    startup.o(.text) refers to startup.o(STACK) for Stack_Mem
    gpio.o(i.GPIO_init) refers to gpio_cfg.o(.data) for PinConfig_array
    main.o(i.main) refers to main.o(i.prvSetupHardware) for prvSetupHardware
    main.o(i.main) refers to queue.o(i.xQueueGenericCreate) for xQueueGenericCreate
    main.o(i.main) refers to tasks.o(i.xTaskPeriodicCreate) for xTaskPeriodicCreate
    main.o(i.main) refers to tasks.o(i.vTaskStartScheduler) for vTaskStartScheduler
    main.o(i.main) refers to main.o(.data) for xMsgs_QueueHandler
    main.o(i.main) refers to main.o(i.vButton_1_Monitor_Task) for vButton_1_Monitor_Task
    main.o(i.main) refers to main.o(i.vButton_2_Monitor_Task) for vButton_2_Monitor_Task
    main.o(i.main) refers to main.o(i.vPeriodic_Transmitter_Task) for vPeriodic_Transmitter_Task
    main.o(i.main) refers to main.o(i.vUart_Receiver_Task) for vUart_Receiver_Task
    main.o(i.main) refers to main.o(i.vLoad_1_Simulation_Task) for vLoad_1_Simulation_Task
    main.o(i.main) refers to main.o(i.vLoad_2_Simulation_Task) for vLoad_2_Simulation_Task
    main.o(i.prvSetupHardware) refers to serial.o(i.xSerialPortInitMinimal) for xSerialPortInitMinimal
    main.o(i.prvSetupHardware) refers to gpio.o(i.GPIO_init) for GPIO_init
    main.o(i.prvSetupHardware) refers to main.o(i.configTimer1) for configTimer1
    main.o(i.vApplicationTickHook) refers to gpio.o(i.GPIO_write) for GPIO_write
    main.o(i.vButton_1_Monitor_Task) refers to rt_memcpy_w.o(.text) for __aeabi_memcpy4
    main.o(i.vButton_1_Monitor_Task) refers to tasks.o(i.vTaskSetApplicationTaskTag) for vTaskSetApplicationTaskTag
    main.o(i.vButton_1_Monitor_Task) refers to tasks.o(i.xTaskGetTickCount) for xTaskGetTickCount
    main.o(i.vButton_1_Monitor_Task) refers to gpio.o(i.GPIO_read) for GPIO_read
    main.o(i.vButton_1_Monitor_Task) refers to queue.o(i.xQueueGenericSend) for xQueueGenericSend
    main.o(i.vButton_1_Monitor_Task) refers to tasks.o(i.xTaskDelayUntil) for xTaskDelayUntil
    main.o(i.vButton_1_Monitor_Task) refers to main.o(.constdata) for .constdata
    main.o(i.vButton_1_Monitor_Task) refers to main.o(.data) for xMsgs_QueueHandler
    main.o(i.vButton_2_Monitor_Task) refers to rt_memcpy_w.o(.text) for __aeabi_memcpy4
    main.o(i.vButton_2_Monitor_Task) refers to tasks.o(i.vTaskSetApplicationTaskTag) for vTaskSetApplicationTaskTag
    main.o(i.vButton_2_Monitor_Task) refers to tasks.o(i.xTaskGetTickCount) for xTaskGetTickCount
    main.o(i.vButton_2_Monitor_Task) refers to gpio.o(i.GPIO_read) for GPIO_read
    main.o(i.vButton_2_Monitor_Task) refers to queue.o(i.xQueueGenericSend) for xQueueGenericSend
    main.o(i.vButton_2_Monitor_Task) refers to tasks.o(i.xTaskDelayUntil) for xTaskDelayUntil
    main.o(i.vButton_2_Monitor_Task) refers to main.o(.constdata) for .constdata
    main.o(i.vButton_2_Monitor_Task) refers to main.o(.data) for xMsgs_QueueHandler
    main.o(i.vLoad_1_Simulation_Task) refers to tasks.o(i.vTaskSetApplicationTaskTag) for vTaskSetApplicationTaskTag
    main.o(i.vLoad_1_Simulation_Task) refers to tasks.o(i.xTaskGetTickCount) for xTaskGetTickCount
    main.o(i.vLoad_1_Simulation_Task) refers to tasks.o(i.xTaskDelayUntil) for xTaskDelayUntil
    main.o(i.vLoad_2_Simulation_Task) refers to tasks.o(i.vTaskSetApplicationTaskTag) for vTaskSetApplicationTaskTag
    main.o(i.vLoad_2_Simulation_Task) refers to tasks.o(i.xTaskGetTickCount) for xTaskGetTickCount
    main.o(i.vLoad_2_Simulation_Task) refers to tasks.o(i.xTaskDelayUntil) for xTaskDelayUntil
    main.o(i.vPeriodic_Transmitter_Task) refers to rt_memcpy_w.o(.text) for __aeabi_memcpy4
    main.o(i.vPeriodic_Transmitter_Task) refers to tasks.o(i.vTaskSetApplicationTaskTag) for vTaskSetApplicationTaskTag
    main.o(i.vPeriodic_Transmitter_Task) refers to tasks.o(i.xTaskGetTickCount) for xTaskGetTickCount
    main.o(i.vPeriodic_Transmitter_Task) refers to queue.o(i.xQueueGenericSend) for xQueueGenericSend
    main.o(i.vPeriodic_Transmitter_Task) refers to tasks.o(i.xTaskDelayUntil) for xTaskDelayUntil
    main.o(i.vPeriodic_Transmitter_Task) refers to main.o(.constdata) for .constdata
[...]
    portasm.o(PORT_ASM) refers to port.o(.data) for ulCriticalNesting
    portasm.o(PORT_ASM) refers to tasks.o(i.vTaskSwitchContext) for vTaskSwitchContext
    portasm.o(PORT_ASM) refers to tasks.o(i.xTaskIncrementTick) for xTaskIncrementTick
    rt_memcpy.o(.text) refers to rt_memcpy_w.o(.text) for __aeabi_memcpy4
    aeabi_sdiv.o(.text_udiv) refers to aeabi_sdiv.o(.text) for __arm_div2
    aeabi_sdiv_div0.o(.text_udiv) refers to aeabi_sdiv_div0.o(.text) for __arm_div2
    __main.o(!!!main) refers to __rtentry.o(.ARM.Collect$$rtentry$$00000000) for __rt_entry
    daddsub_noclz.o(x$fpl$dadd) refers (Special) to usenofp.o(x$fpl$usenofp) for __I$use$fp
    daddsub_noclz.o(x$fpl$dadd) refers to daddsub_noclz.o(x$fpl$dsub) for _dsub1
    daddsub_noclz.o(x$fpl$dadd) refers to dretinf.o(x$fpl$dretinf) for __fpl_dretinf
    daddsub_noclz.o(x$fpl$dadd) refers to dnaninf.o(x$fpl$dnaninf) for __fpl_dnaninf
    daddsub_noclz.o(x$fpl$drsb) refers (Special) to usenofp.o(x$fpl$usenofp) for __I$use$fp
    daddsub_noclz.o(x$fpl$drsb) refers to daddsub_noclz.o(x$fpl$dadd) for _dadd1
    daddsub_noclz.o(x$fpl$drsb) refers to daddsub_noclz.o(x$fpl$dsub) for _dsub1
    daddsub_noclz.o(x$fpl$dsub) refers (Special) to usenofp.o(x$fpl$usenofp) for __I$use$fp
    daddsub_noclz.o(x$fpl$dsub) refers to daddsub_noclz.o(x$fpl$dadd) for _dadd1
    daddsub_noclz.o(x$fpl$dsub) refers to dnaninf.o(x$fpl$dnaninf) for __fpl_dnaninf
    ddiv.o(x$fpl$drdiv) refers (Special) to usenofp.o(x$fpl$usenofp) for __I$use$fp
    ddiv.o(x$fpl$drdiv) refers to ddiv.o(x$fpl$ddiv) for ddiv_entry
    ddiv.o(x$fpl$ddiv) refers (Special) to usenofp.o(x$fpl$usenofp) for __I$use$fp
    ddiv.o(x$fpl$ddiv) refers to dretinf.o(x$fpl$dretinf) for __fpl_dretinf
    ddiv.o(x$fpl$ddiv) refers to dnaninf.o(x$fpl$dnaninf) for __fpl_dnaninf
    dflt_noclz.o(x$fpl$dfltu) refers (Special) to usenofp.o(x$fpl$usenofp) for __I$use$fp
    dflt_noclz.o(x$fpl$dfltu) refers to dflt_noclz.o(x$fpl$dflt) for __dflt_normalise
    dflt_noclz.o(x$fpl$dflt) refers (Special) to usenofp.o(x$fpl$usenofp) for __I$use$fp
    __rtentry.o(.ARM.Collect$$rtentry$$00000000) refers (Special) to __rtentry2.o(.ARM.Collect$$rtentry$$0000000A) for __rt_entry_li
    __rtentry.o(.ARM.Collect$$rtentry$$00000000) refers (Special) to __rtentry2.o(.ARM.Collect$$rtentry$$0000000D) for __rt_entry_main
    __rtentry.o(.ARM.Collect$$rtentry$$00000000) refers (Special) to __rtentry2.o(.ARM.Collect$$rtentry$$0000000C) for __rt_entry_postli_1
    __rtentry.o(.ARM.Collect$$rtentry$$00000000) refers (Special) to __rtentry2.o(.ARM.Collect$$rtentry$$00000009) for __rt_entry_postsh_1
    __rtentry.o(.ARM.Collect$$rtentry$$00000000) refers (Special) to __rtentry2.o(.ARM.Collect$$rtentry$$00000002) for __rt_entry_presh_1
    __rtentry.o(.ARM.Collect$$rtentry$$00000000) refers (Special) to __rtentry4.o(.ARM.Collect$$rtentry$$00000004) for __rt_entry_sh
    aeabi_idiv0_sigfpe.o(.text) refers to rt_div0.o(.text) for __rt_div0
    dnaninf.o(x$fpl$dnaninf) refers (Special) to usenofp.o(x$fpl$usenofp) for __I$use$fp
    dretinf.o(x$fpl$dretinf) refers (Special) to usenofp.o(x$fpl$usenofp) for __I$use$fp
    __rtentry2.o(.ARM.Collect$$rtentry$$00000008) refers to boardinit2.o(.text) for _platform_post_stackheap_init
    __rtentry2.o(.ARM.Collect$$rtentry$$0000000A) refers to libinit.o(.ARM.Collect$$libinit$$00000000) for __rt_lib_init
    __rtentry2.o(.ARM.Collect$$rtentry$$0000000B) refers to boardinit3.o(.text) for _platform_post_lib_init
    __rtentry2.o(.ARM.Collect$$rtentry$$0000000D) refers to exit.o(.text) for exit
    __rtentry2.o(.ARM.Collect$$rtentry$$0000000D) refers to main.o(i.main) for main
    __rtentry2.o(.ARM.exidx) refers to __rtentry2.o(.ARM.Collect$$rtentry$$00000001) for .ARM.Collect$$rtentry$$00000001
    __rtentry2.o(.ARM.exidx) refers to __rtentry2.o(.ARM.Collect$$rtentry$$00000008) for .ARM.Collect$$rtentry$$00000008
    __rtentry2.o(.ARM.exidx) refers to __rtentry2.o(.ARM.Collect$$rtentry$$0000000A) for .ARM.Collect$$rtentry$$0000000A
    __rtentry2.o(.ARM.exidx) refers to __rtentry2.o(.ARM.Collect$$rtentry$$0000000B) for .ARM.Collect$$rtentry$$0000000B
    __rtentry2.o(.ARM.exidx) refers to __rtentry2.o(.ARM.Collect$$rtentry$$0000000D) for .ARM.Collect$$rtentry$$0000000D
    __rtentry4.o(.ARM.Collect$$rtentry$$00000004) refers to sys_stackheap_outer.o(.text) for __user_setup_stackheap
    __rtentry4.o(.ARM.exidx) refers to __rtentry4.o(.ARM.Collect$$rtentry$$00000004) for .ARM.Collect$$rtentry$$00000004
    rt_div0.o(.text) refers to defsig_fpe_outer.o(.text) for __rt_SIGFPE
    sys_stackheap_outer.o(.text) refers to libspace.o(.text) for __user_perproc_libspace
    sys_stackheap_outer.o(.text) refers to startup.o(.text) for __user_initial_stackheap
    exit.o(.text) refers to rtexit.o(.ARM.Collect$$rtexit$$00000000) for __rt_exit
    defsig_fpe_outer.o(.text) refers to defsig_fpe_inner.o(.text) for __rt_SIGFPE_inner
    defsig_fpe_outer.o(.text) refers to defsig_exit.o(.text) for __sig_exit
    defsig_fpe_formal.o(.text) refers to rt_raise.o(.text) for __rt_raise
    libinit.o(.ARM.Collect$$libinit$$00000000) refers (Special) to libinit2.o(.ARM.Collect$$libinit$$0000002E) for __rt_lib_init_alloca_1
    libinit.o(.ARM.Collect$$libinit$$00000000) refers (Special) to libinit2.o(.ARM.Collect$$libinit$$0000002C) for __rt_lib_init_argv_1
    libinit.o(.ARM.Collect$$libinit$$00000000) refers (Special) to libinit2.o(.ARM.Collect$$libinit$$0000001B) for __rt_lib_init_atexit_1
    libinit.o(.ARM.Collect$$libinit$$00000000) refers (Special) to libinit2.o(.ARM.Collect$$libinit$$00000021) for __rt_lib_init_clock_1
    libinit.o(.ARM.Collect$$libinit$$00000000) refers (Special) to libinit2.o(.ARM.Collect$$libinit$$00000032) for __rt_lib_init_cpp_1
    libinit.o(.ARM.Collect$$libinit$$00000000) refers (Special) to libinit2.o(.ARM.Collect$$libinit$$00000030) for __rt_lib_init_exceptions_1
    libinit.o(.ARM.Collect$$libinit$$00000000) refers (Special) to libinit2.o(.ARM.Collect$$libinit$$00000002) for __rt_lib_init_fp_1
    libinit.o(.ARM.Collect$$libinit$$00000000) refers (Special) to libinit2.o(.ARM.Collect$$libinit$$0000001F) for __rt_lib_init_fp_trap_1
    libinit.o(.ARM.Collect$$libinit$$00000000) refers (Special) to libinit2.o(.ARM.Collect$$libinit$$00000023) for __rt_lib_init_getenv_1
    libinit.o(.ARM.Collect$$libinit$$00000000) refers (Special) to libinit2.o(.ARM.Collect$$libinit$$0000000A) for __rt_lib_init_heap_1
    libinit.o(.ARM.Collect$$libinit$$00000000) refers (Special) to libinit2.o(.ARM.Collect$$libinit$$00000011) for __rt_lib_init_lc_collate_1
    libinit.o(.ARM.Collect$$libinit$$00000000) refers (Special) to libinit2.o(.ARM.Collect$$libinit$$00000013) for __rt_lib_init_lc_ctype_1
    libinit.o(.ARM.Collect$$libinit$$00000000) refers (Special) to libinit2.o(.ARM.Collect$$libinit$$00000015) for __rt_lib_init_lc_monetary_1
    libinit.o(.ARM.Collect$$libinit$$00000000) refers (Special) to libinit2.o(.ARM.Collect$$libinit$$00000017) for __rt_lib_init_lc_numeric_1
    libinit.o(.ARM.Collect$$libinit$$00000000) refers (Special) to libinit2.o(.ARM.Collect$$libinit$$00000019) for __rt_lib_init_lc_time_1
    libinit.o(.ARM.Collect$$libinit$$00000000) refers (Special) to libinit2.o(.ARM.Collect$$libinit$$00000004) for __rt_lib_init_preinit_1
    libinit.o(.ARM.Collect$$libinit$$00000000) refers (Special) to libinit2.o(.ARM.Collect$$libinit$$0000000E) for __rt_lib_init_rand_1
    libinit.o(.ARM.Collect$$libinit$$00000000) refers (Special) to libinit2.o(.ARM.Collect$$libinit$$00000033) for __rt_lib_init_return
    libinit.o(.ARM.Collect$$libinit$$00000000) refers (Special) to libinit2.o(.ARM.Collect$$libinit$$0000001D) for __rt_lib_init_signal_1
    libinit.o(.ARM.Collect$$libinit$$00000000) refers (Special) to libinit2.o(.ARM.Collect$$libinit$$00000025) for __rt_lib_init_stdio_1
    libinit.o(.ARM.Collect$$libinit$$00000000) refers (Special) to libinit2.o(.ARM.Collect$$libinit$$0000000C) for __rt_lib_init_user_alloc_1
    libspace.o(.text) refers to libspace.o(.bss) for __libspace_start
    rtexit.o(.ARM.Collect$$rtexit$$00000000) refers (Special) to rtexit2.o(.ARM.Collect$$rtexit$$00000004) for __rt_exit_exit
    rtexit.o(.ARM.Collect$$rtexit$$00000000) refers (Special) to rtexit2.o(.ARM.Collect$$rtexit$$00000003) for __rt_exit_ls
    rtexit.o(.ARM.Collect$$rtexit$$00000000) refers (Special) to rtexit2.o(.ARM.Collect$$rtexit$$00000002) for __rt_exit_prels_1
    rtexit.o(.ARM.exidx) refers (Special) to rtexit2.o(.ARM.Collect$$rtexit$$00000004) for __rt_exit_exit
    rtexit.o(.ARM.exidx) refers (Special) to rtexit2.o(.ARM.Collect$$rtexit$$00000003) for __rt_exit_ls
    rtexit.o(.ARM.exidx) refers (Special) to rtexit2.o(.ARM.Collect$$rtexit$$00000002) for __rt_exit_prels_1
    rtexit.o(.ARM.exidx) refers to rtexit.o(.ARM.Collect$$rtexit$$00000000) for .ARM.Collect$$rtexit$$00000000
    rt_raise.o(.text) refers to __raise.o(.text) for __raise
    rt_raise.o(.text) refers to sys_exit.o(.text) for _sys_exit
    defsig_exit.o(.text) refers to sys_exit.o(.text) for _sys_exit
    defsig_fpe_inner.o(.text) refers to defsig_general.o(.text) for __default_signal_display
    libinit2.o(.ARM.Collect$$libinit$$00000001) refers to fpinit.o(x$fpl$fpinit) for _fp_init
    libinit2.o(.ARM.Collect$$libinit$$00000010) refers to libinit2.o(.ARM.Collect$$libinit$$0000000F) for .ARM.Collect$$libinit$$0000000F
    libinit2.o(.ARM.Collect$$libinit$$00000012) refers to libinit2.o(.ARM.Collect$$libinit$$0000000F) for .ARM.Collect$$libinit$$0000000F
    libinit2.o(.ARM.Collect$$libinit$$00000014) refers to libinit2.o(.ARM.Collect$$libinit$$0000000F) for .ARM.Collect$$libinit$$0000000F
    libinit2.o(.ARM.Collect$$libinit$$00000016) refers to libinit2.o(.ARM.Collect$$libinit$$0000000F) for .ARM.Collect$$libinit$$0000000F
    libinit2.o(.ARM.Collect$$libinit$$00000018) refers to libinit2.o(.ARM.Collect$$libinit$$0000000F) for .ARM.Collect$$libinit$$0000000F
    libinit2.o(.ARM.Collect$$libinit$$00000026) refers to argv_veneer.o(.emb_text) for __ARM_argv_veneer
    libinit2.o(.ARM.Collect$$libinit$$00000027) refers to argv_veneer.o(.emb_text) for __ARM_argv_veneer
    sys_exit.o(.text) refers (Special) to use_no_semi.o(.text) for __I$use$semihosting
    sys_exit.o(.text) refers (Special) to indicate_semi.o(.text) for __semihosting_library_function
    rtexit2.o(.ARM.Collect$$rtexit$$00000003) refers to libshutdown.o(.ARM.Collect$$libshutdown$$00000000) for __rt_lib_shutdown
    rtexit2.o(.ARM.Collect$$rtexit$$00000004) refers to sys_exit.o(.text) for _sys_exit
    rtexit2.o(.ARM.exidx) refers to rtexit2.o(.ARM.Collect$$rtexit$$00000001) for .ARM.Collect$$rtexit$$00000001
    rtexit2.o(.ARM.exidx) refers to rtexit2.o(.ARM.Collect$$rtexit$$00000003) for .ARM.Collect$$rtexit$$00000003
    rtexit2.o(.ARM.exidx) refers to rtexit2.o(.ARM.Collect$$rtexit$$00000004) for .ARM.Collect$$rtexit$$00000004
    __raise.o(.text) refers to __raise.o(i.__ARM_common_call_via_r2) for __ARM_common_call_via_r2
    __raise.o(.text) refers to defsig.o(CL$$defsig) for __default_signal_handler
    defsig_general.o(.text) refers to sys_wrch.o(.text) for _ttywrch
    argv_veneer.o(.emb_text) refers to no_argv.o(.text) for __ARM_get_argv
    sys_wrch.o(.text) refers (Special) to use_no_semi.o(.text) for __I$use$semihosting
    sys_wrch.o(.text) refers (Special) to indicate_semi.o(.text) for __semihosting_library_function
    defsig.o(CL$$defsig) refers to defsig_fpe_inner.o(.text) for __rt_SIGFPE_inner
    defsig.o(CL$$defsig) refers to defsig_rtmem_inner.o(.text) for __rt_SIGRTMEM_inner
    _get_argv_nomalloc.o(.text) refers (Special) to hrguard.o(.text) for __heap_region$guard
    _get_argv_nomalloc.o(.text) refers to defsig_rtmem_outer.o(.text) for __rt_SIGRTMEM
    _get_argv_nomalloc.o(.text) refers to sys_command.o(.text) for _sys_command_string
    libshutdown.o(.ARM.Collect$$libshutdown$$00000000) refers (Special) to libshutdown2.o(.ARM.Collect$$libshutdown$$00000002) for __rt_lib_shutdown_cpp_1
    libshutdown.o(.ARM.Collect$$libshutdown$$00000000) refers (Special) to libshutdown2.o(.ARM.Collect$$libshutdown$$00000007) for __rt_lib_shutdown_fp_trap_1
    libshutdown.o(.ARM.Collect$$libshutdown$$00000000) refers (Special) to libshutdown2.o(.ARM.Collect$$libshutdown$$0000000F) for __rt_lib_shutdown_heap_1
    libshutdown.o(.ARM.Collect$$libshutdown$$00000000) refers (Special) to libshutdown2.o(.ARM.Collect$$libshutdown$$00000010) for __rt_lib_shutdown_return
    libshutdown.o(.ARM.Collect$$libshutdown$$00000000) refers (Special) to libshutdown2.o(.ARM.Collect$$libshutdown$$0000000A) for __rt_lib_shutdown_signal_1
    libshutdown.o(.ARM.Collect$$libshutdown$$00000000) refers (Special) to libshutdown2.o(.ARM.Collect$$libshutdown$$00000004) for __rt_lib_shutdown_stdio_1
    libshutdown.o(.ARM.Collect$$libshutdown$$00000000) refers (Special) to libshutdown2.o(.ARM.Collect$$libshutdown$$0000000C) for __rt_lib_shutdown_user_alloc_1
    sys_command.o(.text) refers (Special) to use_no_semi.o(.text) for __I$use$semihosting
    sys_command.o(.text) refers (Special) to indicate_semi.o(.text) for __semihosting_library_function
    defsig_abrt_inner.o(.text) refers to defsig_general.o(.text) for __default_signal_display
    defsig_rtred_inner.o(.text) refers to defsig_general.o(.text) for __default_signal_display
    defsig_rtmem_inner.o(.text) refers to defsig_general.o(.text) for __default_signal_display
    defsig_rtmem_outer.o(.text) refers to defsig_rtmem_inner.o(.text) for __rt_SIGRTMEM_inner
    defsig_rtmem_outer.o(.text) refers to defsig_exit.o(.text) for __sig_exit
    defsig_rtmem_formal.o(.text) refers to rt_raise.o(.text) for __rt_raise
    defsig_stak_inner.o(.text) refers to defsig_general.o(.text) for __default_signal_display
    defsig_pvfn_inner.o(.text) refers to defsig_general.o(.text) for __default_signal_display
    defsig_cppl_inner.o(.text) refers to defsig_general.o(.text) for __default_signal_display
    defsig_segv_inner.o(.text) refers to defsig_general.o(.text) for __default_signal_display
    defsig_other.o(.text) refers to defsig_general.o(.text) for __default_signal_display


==============================================================================

Removing Unused input sections from the image.

    Removing partest.o(i.vParTestInitialise), (2 bytes).
    Removing partest.o(i.vParTestSetLED), (36 bytes).
    Removing partest.o(i.vParTestToggleLED), (44 bytes).
    Removing main.o(i.timer1Reset), (32 bytes).
    Removing serial.o(i.xSerialGetChar), (44 bytes).
    Removing heap_2.o(i.vPortInitialiseBlocks), (2 bytes).
    Removing heap_2.o(i.xPortGetFreeHeapSize), (12 bytes).
    Removing list.o(i.vListInsertEnd), (24 bytes).
    Removing queue.o(i.uxQueueMessagesWaiting), (22 bytes).
    Removing queue.o(i.uxQueueMessagesWaitingFromISR), (8 bytes).
    Removing queue.o(i.uxQueueSpacesAvailable), (28 bytes).
    Removing queue.o(i.vQueueDelete), (18 bytes).
    Removing queue.o(i.xQueueGenericSendFromISR), (126 bytes).
    Removing queue.o(i.xQueueGiveFromISR), (108 bytes).
    Removing queue.o(i.xQueueIsQueueEmptyFromISR), (18 bytes).
    Removing queue.o(i.xQueueIsQueueFullFromISR), (24 bytes).
    Removing queue.o(i.xQueuePeek), (246 bytes).
    Removing queue.o(i.xQueuePeekFromISR), (44 bytes).
    Removing queue.o(i.xQueueReceiveFromISR), (118 bytes).
    Removing queue.o(i.xQueueSemaphoreTake), (234 bytes).
    Removing tasks.o(i.pcTaskGetName), (28 bytes).
    Removing tasks.o(i.prvTaskIsTaskSuspended), (76 bytes).
    Removing tasks.o(i.ulTaskGenericNotifyTake), (128 bytes).
    Removing tasks.o(i.ulTaskGenericNotifyValueClear), (72 bytes).
    Removing tasks.o(i.uxTaskGetNumberOfTasks), (12 bytes).
    Removing tasks.o(i.uxTaskPriorityGet), (40 bytes).
    Removing tasks.o(i.uxTaskPriorityGetFromISR), (32 bytes).
    Removing tasks.o(i.uxTaskResetEventItemValue), (28 bytes).
    Removing tasks.o(i.vTaskDelay), (42 bytes).
    Removing tasks.o(i.vTaskDelete), (164 bytes).
    Removing tasks.o(i.vTaskEndScheduler), (28 bytes).
    Removing tasks.o(i.vTaskGenericNotifyGiveFromISR), (192 bytes).
    Removing tasks.o(i.vTaskPlaceOnUnorderedEventList), (84 bytes).
    Removing tasks.o(i.vTaskPrioritySet), (176 bytes).
    Removing tasks.o(i.vTaskRemoveFromUnorderedEventList), (132 bytes).
    Removing tasks.o(i.vTaskResume), (80 bytes).
    Removing tasks.o(i.vTaskSetTimeOutState), (40 bytes).
    Removing tasks.o(i.vTaskSuspend), (172 bytes).
    Removing tasks.o(i.xTaskCallApplicationTaskHook), (52 bytes).
    Removing tasks.o(i.xTaskCatchUpTicks), (36 bytes).
    Removing tasks.o(i.xTaskCreate), (96 bytes).
    Removing tasks.o(i.xTaskGenericNotify), (236 bytes).
    Removing tasks.o(i.xTaskGenericNotifyFromISR), (300 bytes).
    Removing tasks.o(i.xTaskGenericNotifyStateClear), (64 bytes).
    Removing tasks.o(i.xTaskGenericNotifyWait), (156 bytes).
    Removing tasks.o(i.xTaskGetApplicationTaskTag), (40 bytes).
    Removing tasks.o(i.xTaskGetApplicationTaskTagFromISR), (32 bytes).
    Removing tasks.o(i.xTaskGetTickCountFromISR), (12 bytes).
    Removing tasks.o(i.xTaskResumeFromISR), (104 bytes).
    Removing port.o(i.vPortEndScheduler), (2 bytes).
    Removing tasks.o(i.__ARM_common_call_via_r1), (2 bytes).

51 unused section(s) (total 3848 bytes) removed from the image.

==============================================================================

Adding Veneers to the image

    Adding AT veneer (8 bytes, Inline) for call to '__rt_lib_init' from __rtentry2.o(.ARM.Collect$$rtentry$$0000000A).
    Adding AT veneer (8 bytes, Inline) for call to '__rt_lib_shutdown' from rtexit2.o(.ARM.Collect$$rtexit$$00000003).
    Adding TA veneer (4 bytes, Inline) for call to '__rt_exit' from exit.o(.text).
    Adding TA veneer (4 bytes, Inline) for call to '__aeabi_memcpy' from queue.o(i.prvCopyDataFromQueue).
    Adding TA veneer (4 bytes, Inline) for call to '__aeabi_memcpy4' from main.o(i.vButton_1_Monitor_Task).
    Adding AT veneer (8 bytes, Inline) for call to '_sys_exit' from rtexit2.o(.ARM.Collect$$rtexit$$00000004).
    Adding TA veneer (4 bytes, Inline) for call to '__aeabi_uidivmod' from queue.o(i.xQueueGenericCreate).
    Adding TA veneer (4 bytes, Inline) for call to 'vPortStartFirstTask' from port.o(i.xPortStartScheduler).
    Adding TA veneer (8 bytes, Short) for call to 'vPortYield' from tasks.o(i.prvAddNewTaskToReadyList).
    Adding TA veneer (4 bytes, Inline) for call to '__ARM_common_disable_irq' from port.o(i.vPortEnterCritical).
    Adding TA veneer (4 bytes, Inline) for call to '__ARM_common_enable_irq' from port.o(i.vPortExitCritical).
    Adding TA veneer (4 bytes, Inline) for call to '__ARM_common_switch8' from tasks.o(i.vTaskStartScheduler).
    Adding TA veneer (4 bytes, Inline) for call to '__aeabi_ddiv' from tasks.o(i.vTaskSwitchContext).
    Adding TA veneer (4 bytes, Inline) for call to '__aeabi_ui2d' from tasks.o(i.vTaskSwitchContext).
    Adding TA veneer (4 bytes, Inline) for call to '__aeabi_drsub' from tasks.o(i.vTaskSwitchContext).

15 Veneer(s) (total 76 bytes) added to the image.

==============================================================================

Image Symbol Table

    Local Symbols

    Symbol Name                              Value     Ov Type        Size  Object(Section)

    RESET                                    0x00000000   Section      260  startup.o(RESET)
    ../clib/angel/boardlib.s                 0x00000000   Number         0  boardinit2.o ABSOLUTE
    ../clib/angel/boardlib.s                 0x00000000   Number         0  boardinit3.o ABSOLUTE
    ../clib/angel/boardlib.s                 0x00000000   Number         0  boardshut.o ABSOLUTE
    ../clib/angel/boardlib.s                 0x00000000   Number         0  boardinit1.o ABSOLUTE
    ../clib/angel/handlers.s                 0x00000000   Number         0  __scatter_copy.o ABSOLUTE
    ../clib/angel/handlers.s                 0x00000000   Number         0  __scatter_zi.o ABSOLUTE
    ../clib/angel/kernel.s                   0x00000000   Number         0  __rtentry4.o ABSOLUTE
    ../clib/angel/kernel.s                   0x00000000   Number         0  __rtentry.o ABSOLUTE
    ../clib/angel/kernel.s                   0x00000000   Number         0  __rtentry2.o ABSOLUTE
    ../clib/angel/kernel.s                   0x00000000   Number         0  rtexit.o ABSOLUTE
    ../clib/angel/kernel.s                   0x00000000   Number         0  rtexit2.o ABSOLUTE
    ../clib/angel/rt.s                       0x00000000   Number         0  aeabi_idiv0.o ABSOLUTE
    ../clib/angel/rt.s                       0x00000000   Number         0  rt_raise.o ABSOLUTE
    ../clib/angel/rt.s                       0x00000000   Number         0  aeabi_idiv0_sigfpe.o ABSOLUTE
    ../clib/angel/rt.s                       0x00000000   Number         0  rt_div0.o ABSOLUTE
    ../clib/angel/scatter.s                  0x00000000   Number         0  __scatter.o ABSOLUTE
    ../clib/angel/startup.s                  0x00000000   Number         0  __main.o ABSOLUTE
    ../clib/angel/sys.s                      0x00000000   Number         0  indicate_semi.o ABSOLUTE
    ../clib/angel/sys.s                      0x00000000   Number         0  libspace.o ABSOLUTE
    ../clib/angel/sys.s                      0x00000000   Number         0  sys_stackheap_outer.o ABSOLUTE
    ../clib/angel/sys.s                      0x00000000   Number         0  use_no_semi.o ABSOLUTE
    ../clib/angel/sysapp.c                   0x00000000   Number         0  sys_command.o ABSOLUTE
    ../clib/angel/sysapp.c                   0x00000000   Number         0  sys_wrch.o ABSOLUTE
    ../clib/angel/sysapp.c                   0x00000000   Number         0  sys_exit.o ABSOLUTE
    ../clib/armsys.c                         0x00000000   Number         0  _get_argv_nomalloc.o ABSOLUTE
    ../clib/armsys.c                         0x00000000   Number         0  no_argv.o ABSOLUTE
    ../clib/armsys.c                         0x00000000   Number         0  argv_veneer.o ABSOLUTE
    ../clib/armsys.c                         0x00000000   Number         0  argv_veneer.o ABSOLUTE
    ../clib/division.s                       0x00000000   Number         0  aeabi_sdiv.o ABSOLUTE
    ../clib/division.s                       0x00000000   Number         0  aeabi_sdiv_div0.o ABSOLUTE
    ../clib/divrt.s                          0x00000000   Number         0  divrt_7tdmi.o ABSOLUTE
    ../clib/divrt.s                          0x00000000   Number         0  divrt_7tdmi_div0.o ABSOLUTE
    ../clib/heapalloc.c                      0x00000000   Number         0  hrguard.o ABSOLUTE
    ../clib/heapaux.c                        0x00000000   Number         0  heapauxi.o ABSOLUTE
    ../clib/libinit.s                        0x00000000   Number         0  libshutdown2.o ABSOLUTE
    ../clib/libinit.s                        0x00000000   Number         0  libinit.o ABSOLUTE
    ../clib/libinit.s                        0x00000000   Number         0  libshutdown.o ABSOLUTE
    ../clib/libinit.s                        0x00000000   Number         0  libinit2.o ABSOLUTE
    ../clib/memcpset.s                       0x00000000   Number         0  rt_memcpy.o ABSOLUTE
    ../clib/memcpset.s                       0x00000000   Number         0  rt_memcpy_w.o ABSOLUTE
    ../clib/signal.c                         0x00000000   Number         0  defsig_rtmem_outer.o ABSOLUTE
    ../clib/signal.c                         0x00000000   Number         0  defsig_exit.o ABSOLUTE
    ../clib/signal.c                         0x00000000   Number         0  defsig_fpe_inner.o ABSOLUTE
    ../clib/signal.c                         0x00000000   Number         0  defsig_general.o ABSOLUTE
    ../clib/signal.c                         0x00000000   Number         0  defsig_fpe_formal.o ABSOLUTE
    ../clib/signal.c                         0x00000000   Number         0  defsig_fpe_outer.o ABSOLUTE
    ../clib/signal.c                         0x00000000   Number         0  __raise.o ABSOLUTE
    ../clib/signal.c                         0x00000000   Number         0  defsig_pvfn_inner.o ABSOLUTE
    ../clib/signal.c                         0x00000000   Number         0  defsig_stak_inner.o ABSOLUTE
    ../clib/signal.c                         0x00000000   Number         0  defsig_rtmem_formal.o ABSOLUTE
    ../clib/signal.c                         0x00000000   Number         0  defsig_rtmem_inner.o ABSOLUTE
    ../clib/signal.c                         0x00000000   Number         0  defsig_rtred_inner.o ABSOLUTE
    ../clib/signal.c                         0x00000000   Number         0  defsig_abrt_inner.o ABSOLUTE
    ../clib/signal.c                         0x00000000   Number         0  defsig_cppl_inner.o ABSOLUTE
    ../clib/signal.c                         0x00000000   Number         0  defsig_segv_inner.o ABSOLUTE
    ../clib/signal.c                         0x00000000   Number         0  defsig_other.o ABSOLUTE
    ../clib/signal.s                         0x00000000   Number         0  defsig.o ABSOLUTE
    ../clib/stdlib.c                         0x00000000   Number         0  exit.o ABSOLUTE
    ../fplib/daddsub.s                       0x00000000   Number         0  daddsub_noclz.o ABSOLUTE
    ../fplib/ddiv.s                          0x00000000   Number         0  ddiv.o ABSOLUTE
    ../fplib/dflt.s                          0x00000000   Number         0  dflt_noclz.o ABSOLUTE
    ../fplib/dnaninf.s                       0x00000000   Number         0  dnaninf.o ABSOLUTE
    ../fplib/dretinf.s                       0x00000000   Number         0  dretinf.o ABSOLUTE
    ../fplib/fpinit.s                        0x00000000   Number         0  fpinit.o ABSOLUTE
    ../fplib/usenofp.s                       0x00000000   Number         0  usenofp.o ABSOLUTE
    ParTest\ParTest.c                        0x00000000   Number         0  partest.o ABSOLUTE
    Startup.s                                0x00000000   Number         0  startup.o ABSOLUTE
    dc.s                                     0x00000000   Number         0  dc.o ABSOLUTE
    source\FreeRTOS\heap_2.c                 0x00000000   Number         0  heap_2.o ABSOLUTE
    source\FreeRTOS\list.c                   0x00000000   Number         0  list.o ABSOLUTE
    source\FreeRTOS\port.c                   0x00000000   Number         0  port.o ABSOLUTE
    source\FreeRTOS\portASM.S                0x00000000   Number         0  portasm.o ABSOLUTE
    source\FreeRTOS\queue.c                  0x00000000   Number         0  queue.o ABSOLUTE
    source\FreeRTOS\tasks.c                  0x00000000   Number         0  tasks.o ABSOLUTE
    source\GPIO.c                            0x00000000   Number         0  gpio.o ABSOLUTE
    source\GPIO_cfg.c                        0x00000000   Number         0  gpio_cfg.o ABSOLUTE
    source\main.c                            0x00000000   Number         0  main.o ABSOLUTE
    source\serial.c                          0x00000000   Number         0  serial.o ABSOLUTE
    source\serialISR.S                       0x00000000   Number         0  serialisr.o ABSOLUTE
    Undef_Handler                            0x00000040   ARM Code       4  startup.o(RESET)
    PAbt_Handler                             0x00000048   ARM Code       4  startup.o(RESET)
    DAbt_Handler                             0x0000004c   ARM Code       4  startup.o(RESET)
    IRQ_Handler                              0x00000050   ARM Code       4  startup.o(RESET)
    FIQ_Handler                              0x00000054   ARM Code       4  startup.o(RESET)
    !!!main                                  0x00000104   Section        8  __main.o(!!!main)
    !!!scatter                               0x0000010c   Section       60  __scatter.o(!!!scatter)
    !!handler_copy                           0x00000148   Section       40  __scatter_copy.o(!!handler_copy)
    !!handler_zi                             0x00000170   Section       44  __scatter_zi.o(!!handler_zi)
    .ARM.Collect$$libinit$$00000000          0x000001a4   Section        2  libinit.o(.ARM.Collect$$libinit$$00000000)
    .ARM.Collect$$libinit$$00000002          0x000001a6   Section        0  libinit2.o(.ARM.Collect$$libinit$$00000002)
    .ARM.Collect$$libinit$$00000004          0x000001a6   Section        0  libinit2.o(.ARM.Collect$$libinit$$00000004)
    .ARM.Collect$$libinit$$0000000A          0x000001a6   Section        0  libinit2.o(.ARM.Collect$$libinit$$0000000A)
    .ARM.Collect$$libinit$$0000000C          0x000001a6   Section        0  libinit2.o(.ARM.Collect$$libinit$$0000000C)
    .ARM.Collect$$libinit$$0000000E          0x000001a6   Section        0  libinit2.o(.ARM.Collect$$libinit$$0000000E)
    .ARM.Collect$$libinit$$00000011          0x000001a6   Section        0  libinit2.o(.ARM.Collect$$libinit$$00000011)
    .ARM.Collect$$libinit$$00000013          0x000001a6   Section        0  libinit2.o(.ARM.Collect$$libinit$$00000013)
    .ARM.Collect$$libinit$$00000015          0x000001a6   Section        0  libinit2.o(.ARM.Collect$$libinit$$00000015)
    .ARM.Collect$$libinit$$00000017          0x000001a6   Section        0  libinit2.o(.ARM.Collect$$libinit$$00000017)
    .ARM.Collect$$libinit$$00000019          0x000001a6   Section        0  libinit2.o(.ARM.Collect$$libinit$$00000019)
    .ARM.Collect$$libinit$$0000001B          0x000001a6   Section        0  libinit2.o(.ARM.Collect$$libinit$$0000001B)
    .ARM.Collect$$libinit$$0000001D          0x000001a6   Section        0  libinit2.o(.ARM.Collect$$libinit$$0000001D)
    .ARM.Collect$$libinit$$0000001F          0x000001a6   Section        0  libinit2.o(.ARM.Collect$$libinit$$0000001F)
    .ARM.Collect$$libinit$$00000021          0x000001a6   Section        0  libinit2.o(.ARM.Collect$$libinit$$00000021)
    .ARM.Collect$$libinit$$00000023          0x000001a6   Section        0  libinit2.o(.ARM.Collect$$libinit$$00000023)
    .ARM.Collect$$libinit$$00000025          0x000001a6   Section        0  libinit2.o(.ARM.Collect$$libinit$$00000025)
    .ARM.Collect$$libinit$$0000002C          0x000001a6   Section        0  libinit2.o(.ARM.Collect$$libinit$$0000002C)
    .ARM.Collect$$libinit$$0000002E          0x000001a6   Section        0  libinit2.o(.ARM.Collect$$libinit$$0000002E)
    .ARM.Collect$$libinit$$00000030          0x000001a6   Section        0  libinit2.o(.ARM.Collect$$libinit$$00000030)
    .ARM.Collect$$libinit$$00000032          0x000001a6   Section        0  libinit2.o(.ARM.Collect$$libinit$$00000032)
    .ARM.Collect$$libinit$$00000033          0x000001a6   Section       12  libinit2.o(.ARM.Collect$$libinit$$00000033)
    .ARM.Collect$$libshutdown$$00000000      0x000001bc   Section        4  libshutdown.o(.ARM.Collect$$libshutdown$$00000000)
    .ARM.Collect$$libshutdown$$00000002      0x000001c0   Section        0  libshutdown2.o(.ARM.Collect$$libshutdown$$00000002)
    .ARM.Collect$$libshutdown$$00000004      0x000001c0   Section        0  libshutdown2.o(.ARM.Collect$$libshutdown$$00000004)
    .ARM.Collect$$libshutdown$$00000007      0x000001c0   Section        0  libshutdown2.o(.ARM.Collect$$libshutdown$$00000007)
    .ARM.Collect$$libshutdown$$0000000A      0x000001c0   Section        0  libshutdown2.o(.ARM.Collect$$libshutdown$$0000000A)
    .ARM.Collect$$libshutdown$$0000000C      0x000001c0   Section        0  libshutdown2.o(.ARM.Collect$$libshutdown$$0000000C)
    .ARM.Collect$$libshutdown$$0000000F      0x000001c0   Section        0  libshutdown2.o(.ARM.Collect$$libshutdown$$0000000F)
    .ARM.Collect$$libshutdown$$00000010      0x000001c0   Section        6  libshutdown2.o(.ARM.Collect$$libshutdown$$00000010)
    .ARM.Collect$$rtentry$$00000000          0x000001c8   Section        0  __rtentry.o(.ARM.Collect$$rtentry$$00000000)
    .ARM.Collect$$rtentry$$00000002          0x000001c8   Section        0  __rtentry2.o(.ARM.Collect$$rtentry$$00000002)
    .ARM.Collect$$rtentry$$00000004          0x000001c8   Section        8  __rtentry4.o(.ARM.Collect$$rtentry$$00000004)
    .ARM.Collect$$rtentry$$00000009          0x000001d0   Section        0  __rtentry2.o(.ARM.Collect$$rtentry$$00000009)
    .ARM.Collect$$rtentry$$0000000A          0x000001d0   Section        4  __rtentry2.o(.ARM.Collect$$rtentry$$0000000A)
    .ARM.Collect$$rtentry$$0000000C          0x000001d4   Section        0  __rtentry2.o(.ARM.Collect$$rtentry$$0000000C)
    .ARM.Collect$$rtentry$$0000000D          0x000001d4   Section       40  __rtentry2.o(.ARM.Collect$$rtentry$$0000000D)
    .ARM.Collect$$rtexit$$00000000           0x00000200   Section        4  rtexit.o(.ARM.Collect$$rtexit$$00000000)
    .ARM.Collect$$rtexit$$00000002           0x00000204   Section        0  rtexit2.o(.ARM.Collect$$rtexit$$00000002)
    .ARM.Collect$$rtexit$$00000003           0x00000204   Section        4  rtexit2.o(.ARM.Collect$$rtexit$$00000003)
    .ARM.Collect$$rtexit$$00000004           0x00000208   Section        8  rtexit2.o(.ARM.Collect$$rtexit$$00000004)
    .text                                    0x00000210   Section       32  startup.o(.text)
    .text                                    0x00000230   Section      148  serialisr.o(.text)
    .text                                    0x000002c8   Section      212  rt_memcpy.o(.text)
    .text                                    0x000003a0   Section      100  rt_memcpy_w.o(.text)
    .text                                    0x00000404   Section      384  aeabi_sdiv.o(.text)
    __arm_div8                               0x00000430   ARM Code       0  aeabi_sdiv.o(.text)
    __arm_div5                               0x00000454   ARM Code       0  aeabi_sdiv.o(.text)
    __arm_div2                               0x00000478   ARM Code       0  aeabi_sdiv.o(.text)
    __arm_div_large                          0x000004b4   ARM Code       0  aeabi_sdiv.o(.text)
    .text                                    0x00000584   Section        0  heapauxi.o(.text)
    .text                                    0x0000058c   Section       96  sys_stackheap_outer.o(.text)
    .text                                    0x000005ec   Section        0  exit.o(.text)
    .text                                    0x00000600   Section       12  libspace.o(.text)
    .text                                    0x00000614   Section        0  sys_exit.o(.text)
    .text                                    0x00000620   Section        4  use_no_semi.o(.text)
    .text                                    0x00000624   Section        0  indicate_semi.o(.text)
    .text_udiv                               0x00000628   Section       36  aeabi_sdiv.o(.text_udiv)
    PORT_ASM                                 0x00000650   Section      396  portasm.o(PORT_ASM)
    i.GPIO_init                              0x000007e4   Section        0  gpio.o(i.GPIO_init)
    i.GPIO_read                              0x000008b8   Section        0  gpio.o(i.GPIO_read)
    i.GPIO_write                             0x000008e4   Section        0  gpio.o(i.GPIO_write)
    i.__ARM_common_disable_irq               0x0000094c   Section        0  tasks.o(i.__ARM_common_disable_irq)
    i.__ARM_common_enable_irq                0x00000964   Section        0  port.o(i.__ARM_common_enable_irq)
    i.__ARM_common_switch8                   0x00000978   Section        0  tasks.o(i.__ARM_common_switch8)
    i.configTimer1                           0x00000998   Section        0  main.o(i.configTimer1)
    configTimer1                             0x00000999   Thumb Code    22  main.o(i.configTimer1)
    i.main                                   0x000009b4   Section        0  main.o(i.main)
    i.prvAddCurrentTaskToDelayedList         0x00000b04   Section        0  tasks.o(i.prvAddCurrentTaskToDelayedList)
    prvAddCurrentTaskToDelayedList           0x00000b05   Thumb Code   144  tasks.o(i.prvAddCurrentTaskToDelayedList)
    i.prvAddNewTaskToReadyList               0x00000bac   Section        0  tasks.o(i.prvAddNewTaskToReadyList)
    prvAddNewTaskToReadyList                 0x00000bad   Thumb Code   120  tasks.o(i.prvAddNewTaskToReadyList)
    i.prvCheckTasksWaitingTermination        0x00000c38   Section        0  tasks.o(i.prvCheckTasksWaitingTermination)
    prvCheckTasksWaitingTermination          0x00000c39   Thumb Code    64  tasks.o(i.prvCheckTasksWaitingTermination)
    i.prvCopyDataFromQueue                   0x00000c84   Section        0  queue.o(i.prvCopyDataFromQueue)
    prvCopyDataFromQueue                     0x00000c85   Thumb Code    48  queue.o(i.prvCopyDataFromQueue)
    i.prvCopyDataToQueue                     0x00000cb4   Section        0  queue.o(i.prvCopyDataToQueue)
    prvCopyDataToQueue                       0x00000cb5   Thumb Code   112  queue.o(i.prvCopyDataToQueue)
    i.prvDeleteTCB                           0x00000d24   Section        0  tasks.o(i.prvDeleteTCB)
    prvDeleteTCB                             0x00000d25   Thumb Code    22  tasks.o(i.prvDeleteTCB)
    i.prvHeapInit                            0x00000d3c   Section        0  heap_2.o(i.prvHeapInit)
    prvHeapInit                              0x00000d3d   Thumb Code    38  heap_2.o(i.prvHeapInit)
    i.prvIdleTask                            0x00000d74   Section        0  tasks.o(i.prvIdleTask)
    prvIdleTask                              0x00000d75   Thumb Code    38  tasks.o(i.prvIdleTask)
    i.prvInitialiseNewQueue                  0x00000da8   Section        0  queue.o(i.prvInitialiseNewQueue)
    prvInitialiseNewQueue                    0x00000da9   Thumb Code    38  queue.o(i.prvInitialiseNewQueue)
    i.prvInitialiseNewTask                   0x00000dce   Section        0  tasks.o(i.prvInitialiseNewTask)
    prvInitialiseNewTask                     0x00000dcf   Thumb Code   150  tasks.o(i.prvInitialiseNewTask)
    i.prvInitialiseTaskLists                 0x00000e64   Section        0  tasks.o(i.prvInitialiseTaskLists)
    prvInitialiseTaskLists                   0x00000e65   Thumb Code    78  tasks.o(i.prvInitialiseTaskLists)
    i.prvIsQueueEmpty                        0x00000ed8   Section        0  queue.o(i.prvIsQueueEmpty)
    prvIsQueueEmpty                          0x00000ed9   Thumb Code    32  queue.o(i.prvIsQueueEmpty)
    i.prvIsQueueFull                         0x00000ef8   Section        0  queue.o(i.prvIsQueueFull)
    prvIsQueueFull                           0x00000ef9   Thumb Code    34  queue.o(i.prvIsQueueFull)
    i.prvResetNextTaskUnblockTime            0x00000f1c   Section        0  tasks.o(i.prvResetNextTaskUnblockTime)
    prvResetNextTaskUnblockTime              0x00000f1d   Thumb Code    44  tasks.o(i.prvResetNextTaskUnblockTime)
    i.prvSetupHardware                       0x00000f50   Section        0  main.o(i.prvSetupHardware)
    prvSetupHardware                         0x00000f51   Thumb Code    30  main.o(i.prvSetupHardware)
    i.prvSetupTimerInterrupt                 0x00000f74   Section        0  port.o(i.prvSetupTimerInterrupt)
    prvSetupTimerInterrupt                   0x00000f75   Thumb Code    60  port.o(i.prvSetupTimerInterrupt)
    i.prvUnlockQueue                         0x00000fc8   Section        0  queue.o(i.prvUnlockQueue)
    prvUnlockQueue                           0x00000fc9   Thumb Code   150  queue.o(i.prvUnlockQueue)
    i.pvPortMalloc                           0x00001060   Section        0  heap_2.o(i.pvPortMalloc)
    i.pxPortInitialiseStack                  0x00001130   Section        0  port.o(i.pxPortInitialiseStack)
    i.uxListRemove                           0x000011e0   Section        0  list.o(i.uxListRemove)
    i.vApplicationTickHook                   0x00001208   Section        0  main.o(i.vApplicationTickHook)
    i.vButton_1_Monitor_Task                 0x00001224   Section        0  main.o(i.vButton_1_Monitor_Task)
    i.vButton_2_Monitor_Task                 0x00001294   Section        0  main.o(i.vButton_2_Monitor_Task)
    i.vListInitialise                        0x00001304   Section        0  list.o(i.vListInitialise)
    i.vListInitialiseItem                    0x0000131e   Section        0  list.o(i.vListInitialiseItem)
    i.vListInsert                            0x00001324   Section        0  list.o(i.vListInsert)
    i.vLoad_1_Simulation_Task                0x0000135c   Section        0  main.o(i.vLoad_1_Simulation_Task)
    i.vLoad_2_Simulation_Task                0x0000138c   Section        0  main.o(i.vLoad_2_Simulation_Task)
    i.vPeriodic_Transmitter_Task             0x000013bc   Section        0  main.o(i.vPeriodic_Transmitter_Task)
    i.vPortEnterCritical                     0x000013fc   Section        0  port.o(i.vPortEnterCritical)
    i.vPortExitCritical                      0x00001418   Section        0  port.o(i.vPortExitCritical)
    i.vPortFree                              0x00001444   Section        0  heap_2.o(i.vPortFree)
    i.vSerialPutString                       0x0000148c   Section        0  serial.o(i.vSerialPutString)
    i.vTaskInternalSetTimeOutState           0x000014ec   Section        0  tasks.o(i.vTaskInternalSetTimeOutState)
    i.vTaskMissedYield                       0x00001504   Section        0  tasks.o(i.vTaskMissedYield)
    i.vTaskPlaceOnEventList                  0x00001510   Section        0  tasks.o(i.vTaskPlaceOnEventList)
    i.vTaskSetApplicationTaskTag             0x00001534   Section        0  tasks.o(i.vTaskSetApplicationTaskTag)
    i.vTaskStartScheduler                    0x0000155c   Section        0  tasks.o(i.vTaskStartScheduler)
    i.vTaskSuspendAll                        0x00001668   Section        0  tasks.o(i.vTaskSuspendAll)
    i.vTaskSwitchContext                     0x00001678   Section        0  tasks.o(i.vTaskSwitchContext)
    i.vUART_ISRHandler                       0x00001808   Section        0  serial.o(i.vUART_ISRHandler)
    i.vUart_Receiver_Task                    0x0000189c   Section        0  main.o(i.vUart_Receiver_Task)
    i.xPortStartScheduler                    0x000018e0   Section        0  port.o(i.xPortStartScheduler)
    i.xQueueGenericCreate                    0x000018f2   Section        0  queue.o(i.xQueueGenericCreate)
    i.xQueueGenericReset                     0x0000194c   Section        0  queue.o(i.xQueueGenericReset)
    i.xQueueGenericSend                      0x000019e4   Section        0  queue.o(i.xQueueGenericSend)
    i.xQueueReceive                          0x00001ae4   Section        0  queue.o(i.xQueueReceive)
    i.xSerialPortInitMinimal                 0x00001bd8   Section        0  serial.o(i.xSerialPortInitMinimal)
    i.xSerialPutChar                         0x00001c70   Section        0  serial.o(i.xSerialPutChar)
    i.xTaskCheckForTimeOut                   0x00001c7c   Section        0  tasks.o(i.xTaskCheckForTimeOut)
    i.xTaskDelayUntil                        0x00001ce4   Section        0  tasks.o(i.xTaskDelayUntil)
    i.xTaskGetTickCount                      0x00001d4c   Section        0  tasks.o(i.xTaskGetTickCount)
    i.xTaskIncrementTick                     0x00001d68   Section        0  tasks.o(i.xTaskIncrementTick)
    i.xTaskPeriodicCreate                    0x00001ed0   Section        0  tasks.o(i.xTaskPeriodicCreate)
    i.xTaskRemoveFromEventList               0x00001f44   Section        0  tasks.o(i.xTaskRemoveFromEventList)
    i.xTaskResumeAll                         0x00002000   Section        0  tasks.o(i.xTaskResumeAll)
    x$fpl$dadd                               0x00002104   Section      340  daddsub_noclz.o(x$fpl$dadd)
    _dadd1                                   0x00002114   ARM Code       0  daddsub_noclz.o(x$fpl$dadd)
    x$fpl$ddiv                               0x0000225c   Section      736  ddiv.o(x$fpl$ddiv)
    ddiv_entry                               0x00002264   ARM Code       0  ddiv.o(x$fpl$ddiv)
    x$fpl$dflt                               0x0000253c   Section       88  dflt_noclz.o(x$fpl$dflt)
    x$fpl$dfltu                              0x00002598   Section       12  dflt_noclz.o(x$fpl$dfltu)
    x$fpl$dnaninf                            0x000025a4   Section      192  dnaninf.o(x$fpl$dnaninf)
    x$fpl$dretinf                            0x00002664   Section       16  dretinf.o(x$fpl$dretinf)
    x$fpl$drsb                               0x00002678   Section       24  daddsub_noclz.o(x$fpl$drsb)
    x$fpl$dsub                               0x00002690   Section      580  daddsub_noclz.o(x$fpl$dsub)
    _dsub1                                   0x000026a0   ARM Code       0  daddsub_noclz.o(x$fpl$dsub)
    .constdata                               0x000028d4   Section      120  main.o(.constdata)
    x$fpl$usenofp                            0x000028d4   Section        0  usenofp.o(x$fpl$usenofp)
    .data                                    0x40000000   Section       92  gpio_cfg.o(.data)
    .data                                    0x40000060   Section       56  main.o(.data)
    .data                                    0x40000098   Section        4  serial.o(.data)
    .data                                    0x4000009c   Section       24  heap_2.o(.data)
    xStart                                   0x4000009c   Data           8  heap_2.o(.data)
    xEnd                                     0x400000a4   Data           8  heap_2.o(.data)
    xFreeBytesRemaining                      0x400000ac   Data           4  heap_2.o(.data)
    xHeapHasBeenInitialised                  0x400000b0   Data           4  heap_2.o(.data)
    .data                                    0x400000b4   Section       64  tasks.o(.data)
    pxDelayedTaskList                        0x400000b8   Data           4  tasks.o(.data)
    pxOverflowDelayedTaskList                0x400000bc   Data           4  tasks.o(.data)
    uxDeletedTasksWaitingCleanUp             0x400000c0   Data           4  tasks.o(.data)
    uxCurrentNumberOfTasks                   0x400000c4   Data           4  tasks.o(.data)
    xTickCount                               0x400000c8   Data           4  tasks.o(.data)
    uxTopReadyPriority                       0x400000cc   Data           4  tasks.o(.data)
    xSchedulerRunning                        0x400000d0   Data           4  tasks.o(.data)
    xPendedTicks                             0x400000d4   Data           4  tasks.o(.data)
    xYieldPending                            0x400000d8   Data           4  tasks.o(.data)
    xNumOfOverflows                          0x400000dc   Data           4  tasks.o(.data)
    uxTaskNumber                             0x400000e0   Data           4  tasks.o(.data)
    xNextTaskUnblockTime                     0x400000e4   Data           4  tasks.o(.data)
    xIdleTaskHandle                          0x400000e8   Data           4  tasks.o(.data)
    uxSchedulerSuspended                     0x400000f0   Data           4  tasks.o(.data)
    .data                                    0x400000f4   Section        4  port.o(.data)
    .bss                                     0x400000f8   Section      200  serial.o(.bss)
    .bss                                     0x400001c0   Section    13312  heap_2.o(.bss)
    ucHeap                                   0x400001c0   Data       13312  heap_2.o(.bss)
    .bss                                     0x400035c0   Section      260  tasks.o(.bss)
    xReadyTasksListEDF                       0x400035c0   Data          20  tasks.o(.bss)
    pxReadyTasksLists                        0x400035d4   Data         140  tasks.o(.bss)
    xDelayedTaskList1                        0x40003660   Data          20  tasks.o(.bss)
    xDelayedTaskList2                        0x40003674   Data          20  tasks.o(.bss)
    xPendingReadyList                        0x40003688   Data          20  tasks.o(.bss)
    xTasksWaitingTermination                 0x4000369c   Data          20  tasks.o(.bss)
    xSuspendedTaskList                       0x400036b0   Data          20  tasks.o(.bss)
    .bss                                     0x400036c4   Section       96  libspace.o(.bss)
    HEAP                                     0x40003728   Section        0  startup.o(HEAP)
    STACK                                    0x40003728   Section     1568  startup.o(STACK)
    Heap_Mem                                 0x40003728   Data           0  startup.o(HEAP)
    Stack_Mem                                0x40003728   Data        1568  startup.o(STACK)
    Stack_Top                                0x40003d48   Data           0  startup.o(STACK)

    Global Symbols

    Symbol Name                              Value     Ov Type        Size  Object(Section)

    BuildAttributes$$THM_ISAv1$ARM_ISAv4$S$PE$A:L22$X:L11$S22$IEEE1$IW$USESV6$~STKCKD$USESV7$~SHL$OSPACE$ROPI$EBA8$UX$STANDARDLIB$REQ8$PRES8$EABIv2 0x00000000   Number         0  anon$$obj.o ABSOLUTE
    __ARM_use_no_argv                        0x00000000   Number         0  main.o ABSOLUTE
    __ARM_exceptions_init                     - Undefined Weak Reference
    __alloca_initialize                       - Undefined Weak Reference
    __arm_preinit_                            - Undefined Weak Reference
    __cpp_initialize__aeabi_                  - Undefined Weak Reference
    __cxa_finalize                            - Undefined Weak Reference
    __rt_locale                               - Undefined Weak Reference
    __sigvec_lookup                           - Undefined Weak Reference
    _atexit_init                              - Undefined Weak Reference
    _call_atexit_fns                          - Undefined Weak Reference
    _clock_init                               - Undefined Weak Reference
    _fp_trap_init                             - Undefined Weak Reference
    _fp_trap_shutdown                         - Undefined Weak Reference
    _get_lc_collate                           - Undefined Weak Reference
    _get_lc_ctype                             - Undefined Weak Reference
    _get_lc_monetary                          - Undefined Weak Reference
    _get_lc_numeric                           - Undefined Weak Reference
    _get_lc_time                              - Undefined Weak Reference
    _getenv_init                              - Undefined Weak Reference
    _handle_redirection                       - Undefined Weak Reference
    _init_alloc                               - Undefined Weak Reference
    _init_user_alloc                          - Undefined Weak Reference
    _initio                                   - Undefined Weak Reference
    _rand_init                                - Undefined Weak Reference
    _signal_finish                            - Undefined Weak Reference
    _signal_init                              - Undefined Weak Reference
    _terminate_alloc                          - Undefined Weak Reference
    _terminate_user_alloc                     - Undefined Weak Reference
    _terminateio                              - Undefined Weak Reference
    Reset_Handler                            0x00000058   ARM Code       0  startup.o(RESET)
    __main                                   0x00000104   ARM Code       8  __main.o(!!!main)
    __scatterload                            0x0000010c   ARM Code       0  __scatter.o(!!!scatter)
    __scatterload_rt2                        0x0000010c   ARM Code      52  __scatter.o(!!!scatter)
    __scatterload_null                       0x00000120   ARM Code       0  __scatter.o(!!!scatter)
    __scatterload_copy                       0x00000148   ARM Code      40  __scatter_copy.o(!!handler_copy)
    __scatterload_zeroinit                   0x00000170   ARM Code      44  __scatter_zi.o(!!handler_zi)
    Inline ARM to Thumb Veneer to __rt_lib_init 0x0000019c   ARM Code       8  libinit.o(.ARM.Collect$$libinit$$00000000)
    __rt_lib_init                            0x000001a5   Thumb Code     0  libinit.o(.ARM.Collect$$libinit$$00000000)
    __rt_lib_init_alloca_1                   0x000001a7   Thumb Code     0  libinit2.o(.ARM.Collect$$libinit$$0000002E)
    __rt_lib_init_argv_1                     0x000001a7   Thumb Code     0  libinit2.o(.ARM.Collect$$libinit$$0000002C)
    __rt_lib_init_atexit_1                   0x000001a7   Thumb Code     0  libinit2.o(.ARM.Collect$$libinit$$0000001B)
    __rt_lib_init_clock_1                    0x000001a7   Thumb Code     0  libinit2.o(.ARM.Collect$$libinit$$00000021)
    __rt_lib_init_cpp_1                      0x000001a7   Thumb Code     0  libinit2.o(.ARM.Collect$$libinit$$00000032)
    __rt_lib_init_exceptions_1               0x000001a7   Thumb Code     0  libinit2.o(.ARM.Collect$$libinit$$00000030)
    __rt_lib_init_fp_1                       0x000001a7   Thumb Code     0  libinit2.o(.ARM.Collect$$libinit$$00000002)
    __rt_lib_init_fp_trap_1                  0x000001a7   Thumb Code     0  libinit2.o(.ARM.Collect$$libinit$$0000001F)
    __rt_lib_init_getenv_1                   0x000001a7   Thumb Code     0  libinit2.o(.ARM.Collect$$libinit$$00000023)
    __rt_lib_init_heap_1                     0x000001a7   Thumb Code     0  libinit2.o(.ARM.Collect$$libinit$$0000000A)
    __rt_lib_init_lc_collate_1               0x000001a7   Thumb Code     0  libinit2.o(.ARM.Collect$$libinit$$00000011)
    __rt_lib_init_lc_ctype_1                 0x000001a7   Thumb Code     0  libinit2.o(.ARM.Collect$$libinit$$00000013)
    __rt_lib_init_lc_monetary_1              0x000001a7   Thumb Code     0  libinit2.o(.ARM.Collect$$libinit$$00000015)
    __rt_lib_init_lc_numeric_1               0x000001a7   Thumb Code     0  libinit2.o(.ARM.Collect$$libinit$$00000017)
    __rt_lib_init_lc_time_1                  0x000001a7   Thumb Code     0  libinit2.o(.ARM.Collect$$libinit$$00000019)
    __rt_lib_init_preinit_1                  0x000001a7   Thumb Code     0  libinit2.o(.ARM.Collect$$libinit$$00000004)
    __rt_lib_init_rand_1                     0x000001a7   Thumb Code     0  libinit2.o(.ARM.Collect$$libinit$$0000000E)
    __rt_lib_init_return                     0x000001a7   Thumb Code     0  libinit2.o(.ARM.Collect$$libinit$$00000033)
    __rt_lib_init_signal_1                   0x000001a7   Thumb Code     0  libinit2.o(.ARM.Collect$$libinit$$0000001D)
    __rt_lib_init_stdio_1                    0x000001a7   Thumb Code     0  libinit2.o(.ARM.Collect$$libinit$$00000025)
    __rt_lib_init_user_alloc_1               0x000001a7   Thumb Code     0  libinit2.o(.ARM.Collect$$libinit$$0000000C)
    Inline ARM to Thumb Veneer to __rt_lib_shutdown 0x000001b4   ARM Code       8  libshutdown.o(.ARM.Collect$$libshutdown$$00000000)
    __rt_lib_shutdown                        0x000001bd   Thumb Code     0  libshutdown.o(.ARM.Collect$$libshutdown$$00000000)
    __rt_lib_shutdown_cpp_1                  0x000001c1   Thumb Code     0  libshutdown2.o(.ARM.Collect$$libshutdown$$00000002)
    __rt_lib_shutdown_fp_trap_1              0x000001c1   Thumb Code     0  libshutdown2.o(.ARM.Collect$$libshutdown$$00000007)
    __rt_lib_shutdown_heap_1                 0x000001c1   Thumb Code     0  libshutdown2.o(.ARM.Collect$$libshutdown$$0000000F)
    __rt_lib_shutdown_return                 0x000001c1   Thumb Code     0  libshutdown2.o(.ARM.Collect$$libshutdown$$00000010)
    __rt_lib_shutdown_signal_1               0x000001c1   Thumb Code     0  libshutdown2.o(.ARM.Collect$$libshutdown$$0000000A)
    __rt_lib_shutdown_stdio_1                0x000001c1   Thumb Code     0  libshutdown2.o(.ARM.Collect$$libshutdown$$00000004)
    __rt_lib_shutdown_user_alloc_1           0x000001c1   Thumb Code     0  libshutdown2.o(.ARM.Collect$$libshutdown$$0000000C)
    __rt_entry                               0x000001c8   ARM Code       0  __rtentry.o(.ARM.Collect$$rtentry$$00000000)
    __rt_entry_presh_1                       0x000001c8   ARM Code       0  __rtentry2.o(.ARM.Collect$$rtentry$$00000002)
    __rt_entry_sh                            0x000001c8   ARM Code       0  __rtentry4.o(.ARM.Collect$$rtentry$$00000004)
    __rt_entry_li                            0x000001d0   ARM Code       0  __rtentry2.o(.ARM.Collect$$rtentry$$0000000A)
    __rt_entry_postsh_1                      0x000001d0   ARM Code       0  __rtentry2.o(.ARM.Collect$$rtentry$$00000009)
    __rt_entry_main                          0x000001d4   ARM Code       0  __rtentry2.o(.ARM.Collect$$rtentry$$0000000D)
    __rt_entry_postli_1                      0x000001d4   ARM Code       0  __rtentry2.o(.ARM.Collect$$rtentry$$0000000C)
    Inline Thumb to ARM Veneer to __rt_exit  0x000001fd   Thumb Code     4  rtexit.o(.ARM.Collect$$rtexit$$00000000)
    __rt_exit                                0x00000200   ARM Code       0  rtexit.o(.ARM.Collect$$rtexit$$00000000)
    __rt_exit_ls                             0x00000204   ARM Code       0  rtexit2.o(.ARM.Collect$$rtexit$$00000003)
    __rt_exit_prels_1                        0x00000204   ARM Code       0  rtexit2.o(.ARM.Collect$$rtexit$$00000002)
    __rt_exit_exit                           0x00000208   ARM Code       0  rtexit2.o(.ARM.Collect$$rtexit$$00000004)
    __user_initial_stackheap                 0x00000210   ARM Code       0  startup.o(.text)
    vUART_ISREntry                           0x00000230   ARM Code       0  serialisr.o(.text)
    Inline Thumb to ARM Veneer to __aeabi_memcpy 0x000002c5   Thumb Code     4  rt_memcpy.o(.text)
    __aeabi_memcpy                           0x000002c8   ARM Code       0  rt_memcpy.o(.text)
    __rt_memcpy                              0x000002c8   ARM Code     212  rt_memcpy.o(.text)
    _memcpy_lastbytes                        0x0000037c   ARM Code       0  rt_memcpy.o(.text)
    Inline Thumb to ARM Veneer to __aeabi_memcpy4 0x0000039d   Thumb Code     4  rt_memcpy_w.o(.text)
    __aeabi_memcpy4                          0x000003a0   ARM Code       0  rt_memcpy_w.o(.text)
    __aeabi_memcpy8                          0x000003a0   ARM Code       0  rt_memcpy_w.o(.text)
    __rt_memcpy_w                            0x000003a0   ARM Code     100  rt_memcpy_w.o(.text)
    _memcpy_lastbytes_aligned                0x000003ec   ARM Code       0  rt_memcpy_w.o(.text)
    __aeabi_idiv                             0x00000404   ARM Code       0  aeabi_sdiv.o(.text)
    __aeabi_idivmod                          0x00000404   ARM Code     384  aeabi_sdiv.o(.text)
    __use_two_region_memory                  0x00000585   Thumb Code     2  heapauxi.o(.text)
    __rt_heap_escrow$2region                 0x00000587   Thumb Code     2  heapauxi.o(.text)
    __rt_heap_expand$2region                 0x00000589   Thumb Code     2  heapauxi.o(.text)
    __user_setup_stackheap                   0x0000058c   ARM Code      96  sys_stackheap_outer.o(.text)
    exit                                     0x000005ed   Thumb Code    20  exit.o(.text)
    __user_libspace                          0x00000600   ARM Code      12  libspace.o(.text)
    __user_perproc_libspace                  0x00000600   ARM Code       0  libspace.o(.text)
    __user_perthread_libspace                0x00000600   ARM Code       0  libspace.o(.text)
    Inline ARM to Thumb Veneer to _sys_exit  0x0000060c   ARM Code       8  sys_exit.o(.text)
    _sys_exit                                0x00000615   Thumb Code     8  sys_exit.o(.text)
    __I$use$semihosting                      0x00000620   ARM Code       0  use_no_semi.o(.text)
    __use_no_semihosting_swi                 0x00000620   ARM Code       4  use_no_semi.o(.text)
    Inline Thumb to ARM Veneer to __aeabi_uidivmod 0x00000625   Thumb Code     4  aeabi_sdiv.o(.text_udiv)
    __semihosting_library_function           0x00000624   ARM Code       0  indicate_semi.o(.text)
    __aeabi_uidiv                            0x00000628   ARM Code       0  aeabi_sdiv.o(.text_udiv)
    __aeabi_uidivmod                         0x00000628   ARM Code      36  aeabi_sdiv.o(.text_udiv)
    Inline Thumb to ARM Veneer to vPortStartFirstTask 0x0000064d   Thumb Code     4  portasm.o(PORT_ASM)
    vPortStartFirstTask                      0x00000650   ARM Code       0  portasm.o(PORT_ASM)
    vPortYield                               0x00000680   ARM Code       0  portasm.o(PORT_ASM)
    vPortYieldProcessor                      0x00000688   ARM Code       0  portasm.o(PORT_ASM)
    vPreemptiveTick                          0x00000714   ARM Code       0  portasm.o(PORT_ASM)
    Short Thumb to ARM Veneer to vPortYield  0x000007dd   Thumb Code     8  anon$$obj.o(Veneer$$Code)
    GPIO_init                                0x000007e5   Thumb Code   198  gpio.o(i.GPIO_init)
    GPIO_read                                0x000008b9   Thumb Code    40  gpio.o(i.GPIO_read)
    GPIO_write                               0x000008e5   Thumb Code    96  gpio.o(i.GPIO_write)
    Inline Thumb to ARM Veneer to __ARM_common_disable_irq 0x00000949   Thumb Code     4  tasks.o(i.__ARM_common_disable_irq)
    __ARM_common_disable_irq                 0x0000094c   ARM Code      20  tasks.o(i.__ARM_common_disable_irq)
    Inline Thumb to ARM Veneer to __ARM_common_enable_irq 0x00000961   Thumb Code     4  port.o(i.__ARM_common_enable_irq)
    __ARM_common_enable_irq                  0x00000964   ARM Code      16  port.o(i.__ARM_common_enable_irq)
    Inline Thumb to ARM Veneer to __ARM_common_switch8 0x00000975   Thumb Code     4  tasks.o(i.__ARM_common_switch8)
    __ARM_common_switch8                     0x00000978   ARM Code      32  tasks.o(i.__ARM_common_switch8)
    main                                     0x000009b5   Thumb Code   180  main.o(i.main)
    pvPortMalloc                             0x00001061   Thumb Code   192  heap_2.o(i.pvPortMalloc)
    pxPortInitialiseStack                    0x00001131   Thumb Code   128  port.o(i.pxPortInitialiseStack)
    uxListRemove                             0x000011e1   Thumb Code    40  list.o(i.uxListRemove)
    vApplicationTickHook                     0x00001209   Thumb Code    28  main.o(i.vApplicationTickHook)
    vButton_1_Monitor_Task                   0x00001225   Thumb Code   104  main.o(i.vButton_1_Monitor_Task)
    vButton_2_Monitor_Task                   0x00001295   Thumb Code   104  main.o(i.vButton_2_Monitor_Task)
    vListInitialise                          0x00001305   Thumb Code    26  list.o(i.vListInitialise)
    vListInitialiseItem                      0x0000131f   Thumb Code     6  list.o(i.vListInitialiseItem)
    vListInsert                              0x00001325   Thumb Code    56  list.o(i.vListInsert)
    vLoad_1_Simulation_Task                  0x0000135d   Thumb Code    44  main.o(i.vLoad_1_Simulation_Task)
    vLoad_2_Simulation_Task                  0x0000138d   Thumb Code    44  main.o(i.vLoad_2_Simulation_Task)
    vPeriodic_Transmitter_Task               0x000013bd   Thumb Code    54  main.o(i.vPeriodic_Transmitter_Task)
    vPortEnterCritical                       0x000013fd   Thumb Code    22  port.o(i.vPortEnterCritical)
    vPortExitCritical                        0x00001419   Thumb Code    38  port.o(i.vPortExitCritical)
    vPortFree                                0x00001445   Thumb Code    62  heap_2.o(i.vPortFree)
    vSerialPutString                         0x0000148d   Thumb Code    84  serial.o(i.vSerialPutString)
    vTaskInternalSetTimeOutState             0x000014ed   Thumb Code    14  tasks.o(i.vTaskInternalSetTimeOutState)
    vTaskMissedYield                         0x00001505   Thumb Code     8  tasks.o(i.vTaskMissedYield)
    vTaskPlaceOnEventList                    0x00001511   Thumb Code    32  tasks.o(i.vTaskPlaceOnEventList)
    vTaskSetApplicationTaskTag               0x00001535   Thumb Code    34  tasks.o(i.vTaskSetApplicationTaskTag)
    vTaskStartScheduler                      0x0000155d   Thumb Code   216  tasks.o(i.vTaskStartScheduler)
    vTaskSuspendAll                          0x00001669   Thumb Code    12  tasks.o(i.vTaskSuspendAll)
    vTaskSwitchContext                       0x00001679   Thumb Code   356  tasks.o(i.vTaskSwitchContext)
    vUART_ISRHandler                         0x00001809   Thumb Code   120  serial.o(i.vUART_ISRHandler)
    vUart_Receiver_Task                      0x0000189d   Thumb Code    64  main.o(i.vUart_Receiver_Task)
    xPortStartScheduler                      0x000018e1   Thumb Code    18  port.o(i.xPortStartScheduler)
    xQueueGenericCreate                      0x000018f3   Thumb Code    90  queue.o(i.xQueueGenericCreate)
    xQueueGenericReset                       0x0000194d   Thumb Code   152  queue.o(i.xQueueGenericReset)
    xQueueGenericSend                        0x000019e5   Thumb Code   256  queue.o(i.xQueueGenericSend)
    xQueueReceive                            0x00001ae5   Thumb Code   242  queue.o(i.xQueueReceive)
    xSerialPortInitMinimal                   0x00001bd9   Thumb Code   124  serial.o(i.xSerialPortInitMinimal)
    xSerialPutChar                           0x00001c71   Thumb Code     6  serial.o(i.xSerialPutChar)
    xTaskCheckForTimeOut                     0x00001c7d   Thumb Code    94  tasks.o(i.xTaskCheckForTimeOut)
    xTaskDelayUntil                          0x00001ce5   Thumb Code    98  tasks.o(i.xTaskDelayUntil)
    xTaskGetTickCount                        0x00001d4d   Thumb Code    22  tasks.o(i.xTaskGetTickCount)
    xTaskIncrementTick                       0x00001d69   Thumb Code   316  tasks.o(i.xTaskIncrementTick)
    xTaskPeriodicCreate                      0x00001ed1   Thumb Code   110  tasks.o(i.xTaskPeriodicCreate)
    xTaskRemoveFromEventList                 0x00001f45   Thumb Code   166  tasks.o(i.xTaskRemoveFromEventList)
    xTaskResumeAll                           0x00002001   Thumb Code   232  tasks.o(i.xTaskResumeAll)
    __aeabi_dadd                             0x00002104   ARM Code       0  daddsub_noclz.o(x$fpl$dadd)
    _dadd                                    0x00002104   ARM Code     336  daddsub_noclz.o(x$fpl$dadd)
    Inline Thumb to ARM Veneer to __aeabi_ddiv 0x00002259   Thumb Code     4  ddiv.o(x$fpl$ddiv)
    __aeabi_ddiv                             0x0000225c   ARM Code       0  ddiv.o(x$fpl$ddiv)
    _ddiv                                    0x0000225c   ARM Code     600  ddiv.o(x$fpl$ddiv)
    __aeabi_i2d                              0x0000253c   ARM Code       0  dflt_noclz.o(x$fpl$dflt)
    _dflt                                    0x0000253c   ARM Code      88  dflt_noclz.o(x$fpl$dflt)
    __dflt_normalise                         0x0000254c   ARM Code       0  dflt_noclz.o(x$fpl$dflt)
    Inline Thumb to ARM Veneer to __aeabi_ui2d 0x00002595   Thumb Code     4  dflt_noclz.o(x$fpl$dfltu)
    __aeabi_ui2d                             0x00002598   ARM Code       0  dflt_noclz.o(x$fpl$dfltu)
    _dfltu                                   0x00002598   ARM Code      12  dflt_noclz.o(x$fpl$dfltu)
    __fpl_dnaninf                            0x000025a4   ARM Code     192  dnaninf.o(x$fpl$dnaninf)
    __fpl_dretinf                            0x00002664   ARM Code      16  dretinf.o(x$fpl$dretinf)
    Inline Thumb to ARM Veneer to __aeabi_drsub 0x00002675   Thumb Code     4  daddsub_noclz.o(x$fpl$drsb)
    __aeabi_drsub                            0x00002678   ARM Code       0  daddsub_noclz.o(x$fpl$drsb)
    _drsb                                    0x00002678   ARM Code      24  daddsub_noclz.o(x$fpl$drsb)
    __aeabi_dsub                             0x00002690   ARM Code       0  daddsub_noclz.o(x$fpl$dsub)
    _dsub                                    0x00002690   ARM Code     576  daddsub_noclz.o(x$fpl$dsub)
    __I$use$fp                               0x000028d4   Number         0  usenofp.o(x$fpl$usenofp)
    Region$$Table$$Base                      0x0000294c   Number         0  anon$$obj.o(Region$$Table)
    Region$$Table$$Limit                     0x0000296c   Number         0  anon$$obj.o(Region$$Table)
    PinConfig_array                          0x40000000   Data          90  gpio_cfg.o(.data)
    PinConfig_array_size                     0x4000005a   Data           2  gpio_cfg.o(.data)
    xButton_1_Monitor_TaskHandler            0x40000060   Data           4  main.o(.data)
    xButton_2_Monitor_TaskHandler            0x40000064   Data           4  main.o(.data)
    xPeriodic_Transmitter_TaskHandler        0x40000068   Data           4  main.o(.data)
    xUart_Receiver_TaskHandler               0x4000006c   Data           4  main.o(.data)
    xLoad_1_Simulation_TaskHandler           0x40000070   Data           4  main.o(.data)
    xLoad_2_Simulation_TaskHandler           0x40000074   Data           4  main.o(.data)
    xMsgs_QueueHandler                       0x40000078   Data           4  main.o(.data)
    System_totalTime                         0x4000007c   Data           4  main.o(.data)
    Idle_totalTime                           0x40000080   Data           4  main.o(.data)
    System_timeIn                            0x40000084   Data           4  main.o(.data)
    Idle_timeIn                              0x40000088   Data           4  main.o(.data)
    cpu_load                                 0x40000090   Data           8  main.o(.data)
    receivedChar                             0x40000098   Data           1  serial.o(.data)
    isNewCharAvailable                       0x40000099   Data           1  serial.o(.data)
    txDataSizeToSend                         0x4000009a   Data           1  serial.o(.data)
    txDataSizeLeftToSend                     0x4000009b   Data           1  serial.o(.data)
    pxCurrentTCB                             0x400000b4   Data           4  tasks.o(.data)
    uxTopUsedPriority                        0x400000ec   Data           4  tasks.o(.data)
    ulCriticalNesting                        0x400000f4   Data           4  port.o(.data)
    txBuffer                                 0x400000f8   Data         200  serial.o(.bss)
    __libspace_start                         0x400036c4   Data          96  libspace.o(.bss)
    __temporary_stack_top$libspace           0x40003724   Data           0  libspace.o(.bss)



==============================================================================

Memory Map of the image

  Image Entry point : 0x00000104

  Load Region LR_IROM1 (Base: 0x00000000, Size: 0x00002a64, Max: 0x00040000, ABSOLUTE)

    Execution Region ER_IROM1 (Exec base: 0x00000000, Load base: 0x00000000, Size: 0x0000296c, Max: 0x00040000, ABSOLUTE)

    Exec Addr    Load Addr    Size         Type   Attr      Idx    E Section Name        Object

    0x00000000   0x00000000   0x00000104   Code   RO            3    RESET               startup.o
    0x00000104   0x00000104   0x00000008   Code   RO          874  * !!!main             c_t.l(__main.o)
    0x0000010c   0x0000010c   0x0000003c   Code   RO         1062    !!!scatter          c_t.l(__scatter.o)
    0x00000148   0x00000148   0x00000028   Code   RO         1064    !!handler_copy      c_t.l(__scatter_copy.o)
    0x00000170   0x00000170   0x0000002c   Code   RO         1066    !!handler_zi        c_t.l(__scatter_zi.o)
    0x0000019c   0x0000019c   0x00000008   Ven    RO          930    .ARM.Collect$$libinit$$00000000  c_t.l(libinit.o)
    0x000001a4   0x000001a4   0x00000002   Code   RO          930    .ARM.Collect$$libinit$$00000000  c_t.l(libinit.o)
    0x000001a6   0x000001a6   0x00000000   Code   RO          943    .ARM.Collect$$libinit$$00000002  c_t.l(libinit2.o)
    0x000001a6   0x000001a6   0x00000000   Code   RO          945    .ARM.Collect$$libinit$$00000004  c_t.l(libinit2.o)
    0x000001a6   0x000001a6   0x00000000   Code   RO          948    .ARM.Collect$$libinit$$0000000A  c_t.l(libinit2.o)
    0x000001a6   0x000001a6   0x00000000   Code   RO          950    .ARM.Collect$$libinit$$0000000C  c_t.l(libinit2.o)
    0x000001a6   0x000001a6   0x00000000   Code   RO          952    .ARM.Collect$$libinit$$0000000E  c_t.l(libinit2.o)
    0x000001a6   0x000001a6   0x00000000   Code   RO          955    .ARM.Collect$$libinit$$00000011  c_t.l(libinit2.o)
    0x000001a6   0x000001a6   0x00000000   Code   RO          957    .ARM.Collect$$libinit$$00000013  c_t.l(libinit2.o)
    0x000001a6   0x000001a6   0x00000000   Code   RO          959    .ARM.Collect$$libinit$$00000015  c_t.l(libinit2.o)
    0x000001a6   0x000001a6   0x00000000   Code   RO          961    .ARM.Collect$$libinit$$00000017  c_t.l(libinit2.o)
    0x000001a6   0x000001a6   0x00000000   Code   RO          963    .ARM.Collect$$libinit$$00000019  c_t.l(libinit2.o)
    0x000001a6   0x000001a6   0x00000000   Code   RO          965    .ARM.Collect$$libinit$$0000001B  c_t.l(libinit2.o)
    0x000001a6   0x000001a6   0x00000000   Code   RO          967    .ARM.Collect$$libinit$$0000001D  c_t.l(libinit2.o)
    0x000001a6   0x000001a6   0x00000000   Code   RO          969    .ARM.Collect$$libinit$$0000001F  c_t.l(libinit2.o)
    0x000001a6   0x000001a6   0x00000000   Code   RO          971    .ARM.Collect$$libinit$$00000021  c_t.l(libinit2.o)
    0x000001a6   0x000001a6   0x00000000   Code   RO          973    .ARM.Collect$$libinit$$00000023  c_t.l(libinit2.o)
    0x000001a6   0x000001a6   0x00000000   Code   RO          975    .ARM.Collect$$libinit$$00000025  c_t.l(libinit2.o)
    0x000001a6   0x000001a6   0x00000000   Code   RO          979    .ARM.Collect$$libinit$$0000002C  c_t.l(libinit2.o)
    0x000001a6   0x000001a6   0x00000000   Code   RO          981    .ARM.Collect$$libinit$$0000002E  c_t.l(libinit2.o)
    0x000001a6   0x000001a6   0x00000000   Code   RO          983    .ARM.Collect$$libinit$$00000030  c_t.l(libinit2.o)
    0x000001a6   0x000001a6   0x00000000   Code   RO          985    .ARM.Collect$$libinit$$00000032  c_t.l(libinit2.o)
    0x000001a6   0x000001a6   0x0000000c   Code   RO          986    .ARM.Collect$$libinit$$00000033  c_t.l(libinit2.o)
    0x000001b2   0x000001b2   0x00000002   PAD
    0x000001b4   0x000001b4   0x00000008   Ven    RO         1019    .ARM.Collect$$libshutdown$$00000000  c_t.l(libshutdown.o)
    0x000001bc   0x000001bc   0x00000004   Code   RO         1019    .ARM.Collect$$libshutdown$$00000000  c_t.l(libshutdown.o)
    0x000001c0   0x000001c0   0x00000000   Code   RO         1045    .ARM.Collect$$libshutdown$$00000002  c_t.l(libshutdown2.o)
    0x000001c0   0x000001c0   0x00000000   Code   RO         1047    .ARM.Collect$$libshutdown$$00000004  c_t.l(libshutdown2.o)
    0x000001c0   0x000001c0   0x00000000   Code   RO         1050    .ARM.Collect$$libshutdown$$00000007  c_t.l(libshutdown2.o)
    0x000001c0   0x000001c0   0x00000000   Code   RO         1053    .ARM.Collect$$libshutdown$$0000000A  c_t.l(libshutdown2.o)
    0x000001c0   0x000001c0   0x00000000   Code   RO         1055    .ARM.Collect$$libshutdown$$0000000C  c_t.l(libshutdown2.o)
    0x000001c0   0x000001c0   0x00000000   Code   RO         1058    .ARM.Collect$$libshutdown$$0000000F  c_t.l(libshutdown2.o)
    0x000001c0   0x000001c0   0x00000006   Code   RO         1059    .ARM.Collect$$libshutdown$$00000010  c_t.l(libshutdown2.o)
    0x000001c6   0x000001c6   0x00000002   PAD
    0x000001c8   0x000001c8   0x00000000   Code   RO          890    .ARM.Collect$$rtentry$$00000000  c_t.l(__rtentry.o)
    0x000001c8   0x000001c8   0x00000000   Code   RO          901    .ARM.Collect$$rtentry$$00000002  c_t.l(__rtentry2.o)
    0x000001c8   0x000001c8   0x00000008   Code   RO          913    .ARM.Collect$$rtentry$$00000004  c_t.l(__rtentry4.o)
    0x000001d0   0x000001d0   0x00000000   Code   RO          903    .ARM.Collect$$rtentry$$00000009  c_t.l(__rtentry2.o)
    0x000001d0   0x000001d0   0x00000004   Code   RO          904    .ARM.Collect$$rtentry$$0000000A  c_t.l(__rtentry2.o)
    0x000001d4   0x000001d4   0x00000000   Code   RO          906    .ARM.Collect$$rtentry$$0000000C  c_t.l(__rtentry2.o)
    0x000001d4   0x000001d4   0x00000028   Code   RO          907    .ARM.Collect$$rtentry$$0000000D  c_t.l(__rtentry2.o)
    0x000001fc   0x000001fc   0x00000004   Ven    RO          934    .ARM.Collect$$rtexit$$00000000  c_t.l(rtexit.o)
    0x00000200   0x00000200   0x00000004   Code   RO          934    .ARM.Collect$$rtexit$$00000000  c_t.l(rtexit.o)
    0x00000204   0x00000204   0x00000000   Code   RO          990    .ARM.Collect$$rtexit$$00000002  c_t.l(rtexit2.o)
    0x00000204   0x00000204   0x00000004   Code   RO          991    .ARM.Collect$$rtexit$$00000003  c_t.l(rtexit2.o)
    0x00000208   0x00000208   0x00000008   Code   RO          992    .ARM.Collect$$rtexit$$00000004  c_t.l(rtexit2.o)
    0x00000210   0x00000210   0x00000020   Code   RO            4    .text               startup.o
    0x00000230   0x00000230   0x00000094   Code   RO          264    .text               serialisr.o
    0x000002c4   0x000002c4   0x00000004   Ven    RO          852    .text               c_t.l(rt_memcpy.o)
    0x000002c8   0x000002c8   0x000000d4   Code   RO          852    .text               c_t.l(rt_memcpy.o)
    0x0000039c   0x0000039c   0x00000004   Ven    RO          854    .text               c_t.l(rt_memcpy_w.o)
    0x000003a0   0x000003a0   0x00000064   Code   RO          854    .text               c_t.l(rt_memcpy_w.o)
    0x00000404   0x00000404   0x00000180   Code   RO          856    .text               c_t.l(aeabi_sdiv.o)
    0x00000584   0x00000584   0x00000006   Code   RO          872    .text               c_t.l(heapauxi.o)
    0x0000058a   0x0000058a   0x00000002   PAD
    0x0000058c   0x0000058c   0x00000060   Code   RO          917    .text               c_t.l(sys_stackheap_outer.o)
    0x000005ec   0x000005ec   0x00000014   Code   RO          919    .text               c_t.l(exit.o)
    0x00000600   0x00000600   0x0000000c   Code   RO          931    .text               c_t.l(libspace.o)
    0x0000060c   0x0000060c   0x00000008   Ven    RO          987    .text               c_t.l(sys_exit.o)
    0x00000614   0x00000614   0x0000000c   Code   RO          987    .text               c_t.l(sys_exit.o)
    0x00000620   0x00000620   0x00000004   Code   RO         1008    .text               c_t.l(use_no_semi.o)
    0x00000624   0x00000624   0x00000000   Code   RO         1010    .text               c_t.l(indicate_semi.o)
    0x00000624   0x00000624   0x00000004   Ven    RO          857    .text_udiv          c_t.l(aeabi_sdiv.o)
    0x00000628   0x00000628   0x00000024   Code   RO          857    .text_udiv          c_t.l(aeabi_sdiv.o)
    0x0000064c   0x0000064c   0x00000004   Ven    RO          847    PORT_ASM            portasm.o
    0x00000650   0x00000650   0x0000018c   Code   RO          847    PORT_ASM            portasm.o
    0x000007dc   0x000007dc   0x00000008   Ven    RO         1082    Veneer$$Code        anon$$obj.o
    0x000007e4   0x000007e4   0x000000d4   Code   RO           73    i.GPIO_init         gpio.o
    0x000008b8   0x000008b8   0x0000002c   Code   RO           74    i.GPIO_read         gpio.o
    0x000008e4   0x000008e4   0x00000064   Code   RO           75    i.GPIO_write        gpio.o
    0x00000948   0x00000948   0x00000004   Ven    RO          785    i.__ARM_common_disable_irq  tasks.o
    0x0000094c   0x0000094c   0x00000014   Code   RO          785    i.__ARM_common_disable_irq  tasks.o
    0x00000960   0x00000960   0x00000004   Ven    RO          842    i.__ARM_common_enable_irq  port.o
    0x00000964   0x00000964   0x00000010   Code   RO          842    i.__ARM_common_enable_irq  port.o
    0x00000974   0x00000974   0x00000004   Ven    RO          787    i.__ARM_common_switch8  tasks.o
    0x00000978   0x00000978   0x00000020   Code   RO          787    i.__ARM_common_switch8  tasks.o
    0x00000998   0x00000998   0x0000001c   Code   RO          116    i.configTimer1      main.o
    0x000009b4   0x000009b4   0x00000150   Code   RO          117    i.main              main.o
    0x00000b04   0x00000b04   0x000000a8   Code   RO          480    i.prvAddCurrentTaskToDelayedList  tasks.o
    0x00000bac   0x00000bac   0x0000008c   Code   RO          481    i.prvAddNewTaskToReadyList  tasks.o
    0x00000c38   0x00000c38   0x0000004c   Code   RO          482    i.prvCheckTasksWaitingTermination  tasks.o
    0x00000c84   0x00000c84   0x00000030   Code   RO          341    i.prvCopyDataFromQueue  queue.o
    0x00000cb4   0x00000cb4   0x00000070   Code   RO          342    i.prvCopyDataToQueue  queue.o
    0x00000d24   0x00000d24   0x00000016   Code   RO          483    i.prvDeleteTCB      tasks.o
    0x00000d3a   0x00000d3a   0x00000002   PAD
    0x00000d3c   0x00000d3c   0x00000038   Code   RO          267    i.prvHeapInit       heap_2.o
    0x00000d74   0x00000d74   0x00000034   Code   RO          484    i.prvIdleTask       tasks.o
    0x00000da8   0x00000da8   0x00000026   Code   RO          343    i.prvInitialiseNewQueue  queue.o
    0x00000dce   0x00000dce   0x00000096   Code   RO          485    i.prvInitialiseNewTask  tasks.o
    0x00000e64   0x00000e64   0x00000074   Code   RO          486    i.prvInitialiseTaskLists  tasks.o
    0x00000ed8   0x00000ed8   0x00000020   Code   RO          344    i.prvIsQueueEmpty   queue.o
    0x00000ef8   0x00000ef8   0x00000022   Code   RO          345    i.prvIsQueueFull    queue.o
    0x00000f1a   0x00000f1a   0x00000002   PAD
    0x00000f1c   0x00000f1c   0x00000034   Code   RO          487    i.prvResetNextTaskUnblockTime  tasks.o
    0x00000f50   0x00000f50   0x00000024   Code   RO          118    i.prvSetupHardware  main.o
    0x00000f74   0x00000f74   0x00000054   Code   RO          801    i.prvSetupTimerInterrupt  port.o
    0x00000fc8   0x00000fc8   0x00000096   Code   RO          346    i.prvUnlockQueue    queue.o
    0x0000105e   0x0000105e   0x00000002   PAD
    0x00001060   0x00001060   0x000000d0   Code   RO          268    i.pvPortMalloc      heap_2.o
    0x00001130   0x00001130   0x000000b0   Code   RO          802    i.pxPortInitialiseStack  port.o
    0x000011e0   0x000011e0   0x00000028   Code   RO          305    i.uxListRemove      list.o
    0x00001208   0x00001208   0x0000001c   Code   RO          120    i.vApplicationTickHook  main.o
    0x00001224   0x00001224   0x00000070   Code   RO          121    i.vButton_1_Monitor_Task  main.o
    0x00001294   0x00001294   0x00000070   Code   RO          122    i.vButton_2_Monitor_Task  main.o
    0x00001304   0x00001304   0x0000001a   Code   RO          306    i.vListInitialise   list.o
    0x0000131e   0x0000131e   0x00000006   Code   RO          307    i.vListInitialiseItem  list.o
    0x00001324   0x00001324   0x00000038   Code   RO          308    i.vListInsert       list.o
    0x0000135c   0x0000135c   0x00000030   Code   RO          123    i.vLoad_1_Simulation_Task  main.o
    0x0000138c   0x0000138c   0x00000030   Code   RO          124    i.vLoad_2_Simulation_Task  main.o
    0x000013bc   0x000013bc   0x00000040   Code   RO          125    i.vPeriodic_Transmitter_Task  main.o
    0x000013fc   0x000013fc   0x0000001c   Code   RO          804    i.vPortEnterCritical  port.o
    0x00001418   0x00001418   0x0000002c   Code   RO          805    i.vPortExitCritical  port.o
    0x00001444   0x00001444   0x00000048   Code   RO          269    i.vPortFree         heap_2.o
    0x0000148c   0x0000148c   0x00000060   Code   RO          224    i.vSerialPutString  serial.o
    0x000014ec   0x000014ec   0x00000018   Code   RO          499    i.vTaskInternalSetTimeOutState  tasks.o
    0x00001504   0x00001504   0x0000000c   Code   RO          500    i.vTaskMissedYield  tasks.o
    0x00001510   0x00001510   0x00000024   Code   RO          501    i.vTaskPlaceOnEventList  tasks.o
    0x00001534   0x00001534   0x00000028   Code   RO          506    i.vTaskSetApplicationTaskTag  tasks.o
    0x0000155c   0x0000155c   0x0000010c   Code   RO          508    i.vTaskStartScheduler  tasks.o
    0x00001668   0x00001668   0x00000010   Code   RO          510    i.vTaskSuspendAll   tasks.o
    0x00001678   0x00001678   0x00000190   Code   RO          511    i.vTaskSwitchContext  tasks.o
    0x00001808   0x00001808   0x00000094   Code   RO          225    i.vUART_ISRHandler  serial.o
    0x0000189c   0x0000189c   0x00000044   Code   RO          126    i.vUart_Receiver_Task  main.o
    0x000018e0   0x000018e0   0x00000012   Code   RO          806    i.xPortStartScheduler  port.o
    0x000018f2   0x000018f2   0x0000005a   Code   RO          351    i.xQueueGenericCreate  queue.o
    0x0000194c   0x0000194c   0x00000098   Code   RO          352    i.xQueueGenericReset  queue.o
    0x000019e4   0x000019e4   0x00000100   Code   RO          353    i.xQueueGenericSend  queue.o
    0x00001ae4   0x00001ae4   0x000000f2   Code   RO          360    i.xQueueReceive     queue.o
    0x00001bd6   0x00001bd6   0x00000002   PAD
    0x00001bd8   0x00001bd8   0x00000098   Code   RO          227    i.xSerialPortInitMinimal  serial.o
    0x00001c70   0x00001c70   0x0000000c   Code   RO          228    i.xSerialPutChar    serial.o
    0x00001c7c   0x00001c7c   0x00000068   Code   RO          514    i.xTaskCheckForTimeOut  tasks.o
    0x00001ce4   0x00001ce4   0x00000068   Code   RO          516    i.xTaskDelayUntil   tasks.o
    0x00001d4c   0x00001d4c   0x0000001c   Code   RO          523    i.xTaskGetTickCount  tasks.o
    0x00001d68   0x00001d68   0x00000168   Code   RO          525    i.xTaskIncrementTick  tasks.o
    0x00001ed0   0x00001ed0   0x00000074   Code   RO          526    i.xTaskPeriodicCreate  tasks.o
    0x00001f44   0x00001f44   0x000000bc   Code   RO          527    i.xTaskRemoveFromEventList  tasks.o
    0x00002000   0x00002000   0x00000104   Code   RO          528    i.xTaskResumeAll    tasks.o
    0x00002104   0x00002104   0x00000154   Code   RO          876    x$fpl$dadd          fz_ts.l(daddsub_noclz.o)
    0x00002258   0x00002258   0x00000004   Ven    RO          883    x$fpl$ddiv          fz_ts.l(ddiv.o)
    0x0000225c   0x0000225c   0x000002e0   Code   RO          883    x$fpl$ddiv          fz_ts.l(ddiv.o)
    0x0000253c   0x0000253c   0x00000058   Code   RO          887    x$fpl$dflt          fz_ts.l(dflt_noclz.o)
    0x00002594   0x00002594   0x00000004   Ven    RO          886    x$fpl$dfltu         fz_ts.l(dflt_noclz.o)
    0x00002598   0x00002598   0x0000000c   Code   RO          886    x$fpl$dfltu         fz_ts.l(dflt_noclz.o)
    0x000025a4   0x000025a4   0x000000c0   Code   RO          895    x$fpl$dnaninf       fz_ts.l(dnaninf.o)
    0x00002664   0x00002664   0x00000010   Code   RO          897    x$fpl$dretinf       fz_ts.l(dretinf.o)
    0x00002674   0x00002674   0x00000004   Ven    RO          877    x$fpl$drsb          fz_ts.l(daddsub_noclz.o)
    0x00002678   0x00002678   0x00000018   Code   RO          877    x$fpl$drsb          fz_ts.l(daddsub_noclz.o)
    0x00002690   0x00002690   0x00000244   Code   RO          878    x$fpl$dsub          fz_ts.l(daddsub_noclz.o)
    0x000028d4   0x000028d4   0x00000000   Code   RO          899    x$fpl$usenofp       fz_ts.l(usenofp.o)
    0x000028d4   0x000028d4   0x00000078   Data   RO          127    .constdata          main.o
    0x0000294c   0x0000294c   0x00000020   Data   RO         1060    Region$$Table       anon$$obj.o


    Execution Region RW_IRAM1 (Exec base: 0x40000000, Load base: 0x0000296c, Size: 0x00003d48, Max: 0x00004000, ABSOLUTE)

    Exec Addr    Load Addr    Size         Type   Attr      Idx    E Section Name        Object

    0x40000000   0x0000296c   0x0000005c   Data   RW          104    .data               gpio_cfg.o
    0x4000005c   0x000029c8   0x00000004   PAD
    0x40000060   0x000029cc   0x00000038   Data   RW          128    .data               main.o
    0x40000098   0x00002a04   0x00000004   Data   RW          230    .data               serial.o
    0x4000009c   0x00002a08   0x00000018   Data   RW          273    .data               heap_2.o
    0x400000b4   0x00002a20   0x00000040   Data   RW          531    .data               tasks.o
    0x400000f4   0x00002a60   0x00000004   Data   RW          807    .data               port.o
    0x400000f8        -       0x000000c8   Zero   RW          229    .bss                serial.o
    0x400001c0        -       0x00003400   Zero   RW          272    .bss                heap_2.o
    0x400035c0        -       0x00000104   Zero   RW          530    .bss                tasks.o
    0x400036c4        -       0x00000060   Zero   RW          932    .bss                c_t.l(libspace.o)
    0x40003724   0x00002a64   0x00000004   PAD
    0x40003728        -       0x00000000   Zero   RW            2    HEAP                startup.o
    0x40003728        -       0x00000620   Zero   RW            1    STACK               startup.o


==============================================================================

Image component sizes


      Code (inc. data)   RO Data    RW Data    ZI Data      Debug   Object Name

       356         22          0          0          0       1589   gpio.o
         0          0          0         92          0        919   gpio_cfg.o
       336         44          0         24      13312       3395   heap_2.o
       128          0          0          0          0       2513   list.o
       880        206        120         56          0      20354   main.o
         0          0          0          0          0       8380   partest.o
       366         84          0          4          0       3935   port.o
       396         24          0          0          0        280   portasm.o
      1154          0          0          0          0      11447   queue.o
       408         74          0          4        200       4221   serial.o
       148         12          0          0          0        240   serialisr.o
       292         60          0          0       1568        540   startup.o
      2784        392          0         64        260      24501   tasks.o

    ----------------------------------------------------------------------
      7280        918        152        248      15340      82314   Object Totals
        24          0         32          0          0          0   (incl. Generated)
         8          0          0          4          0          0   (incl. Padding)

    ----------------------------------------------------------------------

      Code (inc. data)   RO Data    RW Data    ZI Data      Debug   Library Member Name

         8          0          0          0          0         68   __main.o
         0          0          0          0          0          0   __rtentry.o
        44          4          0          0          0          0   __rtentry2.o
         8          0          0          0          0          0   __rtentry4.o
        60          8          0          0          0          0   __scatter.o
        40          0          0          0          0          0   __scatter_copy.o
        44          0          0          0          0          0   __scatter_zi.o
       424          0          0          0          0        148   aeabi_sdiv.o
        20          0          0          0          0         80   exit.o
         6          0          0          0          0        136   heapauxi.o
         0          0          0          0          0          0   indicate_semi.o
        10          0          0          0          0          0   libinit.o
        12          0          0          0          0          0   libinit2.o
        12          0          0          0          0          0   libshutdown.o
         6          0          0          0          0          0   libshutdown2.o
        12          4          0          0         96         68   libspace.o
       216          0          0          0          0         68   rt_memcpy.o
       104          0          0          0          0         80   rt_memcpy_w.o
         8          0          0          0          0          0   rtexit.o
        12          0          0          0          0          0   rtexit2.o
        20          4          0          0          0         60   sys_exit.o
        96          0          0          0          0         80   sys_stackheap_outer.o
         4          0          0          0          0         68   use_no_semi.o
       948         16          0          0          0        368   daddsub_noclz.o
       740        140          0          0          0        228   ddiv.o
       104          0          0          0          0        136   dflt_noclz.o
       192          0          0          0          0        108   dnaninf.o
        16          0          0          0          0         68   dretinf.o
         0          0          0          0          0          0   usenofp.o

    ----------------------------------------------------------------------
      3172        176          0          0        100       1764   Library Totals
         6          0          0          0          4          0   (incl. Padding)

    ----------------------------------------------------------------------

      Code (inc. data)   RO Data    RW Data    ZI Data      Debug   Library Name

      1166         20          0          0         96        856   c_t.l
      2000        156          0          0          0        908   fz_ts.l

    ----------------------------------------------------------------------
      3172        176          0          0        100       1764   Library Totals

    ----------------------------------------------------------------------

==============================================================================


      Code (inc. data)   RO Data    RW Data    ZI Data      Debug   

     10452       1094        152        248      15440      80714   Grand Totals
     10452       1094        152        248      15440      80714   ELF Image Totals
     10452       1094        152        248          0          0   ROM Totals

==============================================================================

    Total RO  Size (Code + RO Data)                10604 (  10.36kB)
    Total RW  Size (RW Data + ZI Data)             15688 (  15.32kB)
    Total ROM Size (Code + RO Data + RW Data)      10852 (  10.60kB)

==============================================================================

